==========================
keypair cycles:
1020450
encaps cycles:
1033176
decaps cycles:
1086513
OK KEYS

+
keypair cycles:
1021648
encaps cycles:
1034347
decaps cycles:
1087684
OK KEYS

+
keypair cycles:
1021183
encaps cycles:
1033893
decaps cycles:
1087230
OK KEYS

+
keypair cycles:
1020239
encaps cycles:
1032956
decaps cycles:
1086293
OK KEYS

+
keypair cycles:
1020576
encaps cycles:
1033322
decaps cycles:
1086620
OK KEYS

+
keypair cycles:
1020741
encaps cycles:
1033438
decaps cycles:
1086775
OK KEYS

+
keypair cycles:
1020182
encaps cycles:
1032902
decaps cycles:
1086239
OK KEYS

+
keypair cycles:
1021157
encaps cycles:
1033909
decaps cycles:
1087246
OK KEYS

+
keypair cycles:
1020610
encaps cycles:
1033328
decaps cycles:
1086665
OK KEYS

+
keypair cycles:
1020917
encaps cycles:
1033573
decaps cycles:
1086910
OK KEYS

+
keypair cycles:
1020662
encaps cycles:
1033390
decaps cycles:
1086727
OK KEYS

+
keypair cycles:
1021328
encaps cycles:
1034024
decaps cycles:
1087361
OK KEYS

+
keypair cycles:
1021046
encaps cycles:
1033728
decaps cycles:
1087065
OK KEYS

+
keypair cycles:
1020300
encaps cycles:
1033035
decaps cycles:
1086410
OK KEYS

+
keypair cycles:
1031455
encaps cycles:
1044163
decaps cycles:
1097500
OK KEYS

+
keypair cycles:
1020873
encaps cycles:
1033623
decaps cycles:
1086960
OK KEYS

+
keypair cycles:
1021002
encaps cycles:
1033715
decaps cycles:
1087052
OK KEYS

+
keypair cycles:
1031580
encaps cycles:
1044280
decaps cycles:
1097617
OK KEYS

+
keypair cycles:
1020875
encaps cycles:
1033608
decaps cycles:
1086906
OK KEYS

+
keypair cycles:
1020869
encaps cycles:
1033572
decaps cycles:
1086909
OK KEYS

+
keypair cycles:
1020221
encaps cycles:
1032932
decaps cycles:
1086269
OK KEYS

+
keypair cycles:
1020535
encaps cycles:
1033255
decaps cycles:
1086592
OK KEYS

+
keypair cycles:
1031597
encaps cycles:
1044332
decaps cycles:
1097669
OK KEYS

+
keypair cycles:
1021297
encaps cycles:
1033968
decaps cycles:
1087305
OK KEYS

+
keypair cycles:
1021111
encaps cycles:
1033860
decaps cycles:
1087197
OK KEYS

+
keypair cycles:
1021405
encaps cycles:
1034097
decaps cycles:
1087434
OK KEYS

+
keypair cycles:
1020836
encaps cycles:
1033530
decaps cycles:
1086867
OK KEYS

+
keypair cycles:
1020237
encaps cycles:
1032943
decaps cycles:
1086320
OK KEYS

+
keypair cycles:
1020788
encaps cycles:
1033540
decaps cycles:
1086877
OK KEYS

+
keypair cycles:
1020695
encaps cycles:
1033374
decaps cycles:
1086711
OK KEYS

+
keypair cycles:
1021453
encaps cycles:
1034162
decaps cycles:
1087499
OK KEYS

+
keypair cycles:
1020070
encaps cycles:
1032790
decaps cycles:
1086127
OK KEYS

+
keypair cycles:
1021386
encaps cycles:
1034138
decaps cycles:
1087437
OK KEYS

+
keypair cycles:
1020984
encaps cycles:
1033731
decaps cycles:
1087068
OK KEYS

+
keypair cycles:
1020765
encaps cycles:
1033469
decaps cycles:
1086806
OK KEYS

+
keypair cycles:
1020441
encaps cycles:
1033157
decaps cycles:
1086494
OK KEYS

+
keypair cycles:
1020533
encaps cycles:
1033252
decaps cycles:
1086589
OK KEYS

+
keypair cycles:
1021174
encaps cycles:
1033906
decaps cycles:
1087243
OK KEYS

+
keypair cycles:
1021198
encaps cycles:
1033915
decaps cycles:
1087252
OK KEYS

+
keypair cycles:
1020777
encaps cycles:
1033498
decaps cycles:
1086835
OK KEYS

+
keypair cycles:
1021374
encaps cycles:
1034080
decaps cycles:
1087417
OK KEYS

+
keypair cycles:
1020591
encaps cycles:
1033307
decaps cycles:
1086685
OK KEYS

+
keypair cycles:
1020840
encaps cycles:
1033537
decaps cycles:
1086874
OK KEYS

+
keypair cycles:
1021313
encaps cycles:
1034048
decaps cycles:
1087385
OK KEYS

+
keypair cycles:
1020227
encaps cycles:
1032947
decaps cycles:
1086284
OK KEYS

+
keypair cycles:
1032152
encaps cycles:
1044842
decaps cycles:
1098179
OK KEYS

+
keypair cycles:
1020606
encaps cycles:
1033387
decaps cycles:
1086686
OK KEYS

+
keypair cycles:
1031365
encaps cycles:
1044077
decaps cycles:
1097414
OK KEYS

+
keypair cycles:
1019750
encaps cycles:
1032465
decaps cycles:
1085802
OK KEYS

+
keypair cycles:
1021121
encaps cycles:
1033877
decaps cycles:
1087214
OK KEYS

+
keypair cycles:
1020726
encaps cycles:
1033460
decaps cycles:
1086797
OK KEYS

+
keypair cycles:
1020581
encaps cycles:
1033290
decaps cycles:
1086627
OK KEYS

+
keypair cycles:
1031988
encaps cycles:
1044685
decaps cycles:
1098022
OK KEYS

+
keypair cycles:
1020829
encaps cycles:
1033516
decaps cycles:
1086853
OK KEYS

+
keypair cycles:
1020965
encaps cycles:
1033655
decaps cycles:
1086992
OK KEYS

+
keypair cycles:
1021644
encaps cycles:
1034379
decaps cycles:
1087716
OK KEYS

+
keypair cycles:
1021492
encaps cycles:
1034238
decaps cycles:
1087575
OK KEYS

+
keypair cycles:
1021552
encaps cycles:
1034290
decaps cycles:
1087627
OK KEYS

+
keypair cycles:
1021380
encaps cycles:
1034102
decaps cycles:
1087439
OK KEYS

+
keypair cycles:
1020961
encaps cycles:
1033650
decaps cycles:
1086987
OK KEYS

+
keypair cycles:
1020936
encaps cycles:
1033600
decaps cycles:
1086937
OK KEYS

+
keypair cycles:
1020701
encaps cycles:
1033386
decaps cycles:
1086723
OK KEYS

+
keypair cycles:
1021364
encaps cycles:
1034102
decaps cycles:
1087439
OK KEYS

+
keypair cycles:
1020631
encaps cycles:
1033318
decaps cycles:
1086655
OK KEYS

+
keypair cycles:
1020724
encaps cycles:
1033451
decaps cycles:
1086826
OK KEYS

+
keypair cycles:
1021250
encaps cycles:
1033974
decaps cycles:
1087311
OK KEYS

+
keypair cycles:
1020746
encaps cycles:
1033420
decaps cycles:
1086757
OK KEYS

+
keypair cycles:
1020672
encaps cycles:
1033402
decaps cycles:
1086739
OK KEYS

+
keypair cycles:
1021547
encaps cycles:
1034291
decaps cycles:
1087628
OK KEYS

+
keypair cycles:
1020095
encaps cycles:
1032845
decaps cycles:
1086144
OK KEYS

+
keypair cycles:
1020545
encaps cycles:
1033237
decaps cycles:
1086574
OK KEYS

+
keypair cycles:
1020136
encaps cycles:
1032859
decaps cycles:
1086196
OK KEYS

+
keypair cycles:
1020767
encaps cycles:
1033533
decaps cycles:
1086870
OK KEYS

+
keypair cycles:
1021313
encaps cycles:
1034020
decaps cycles:
1087357
OK KEYS

+
keypair cycles:
1020386
encaps cycles:
1033078
decaps cycles:
1086415
OK KEYS

+
keypair cycles:
1019950
encaps cycles:
1032690
decaps cycles:
1086027
OK KEYS

+
keypair cycles:
1020980
encaps cycles:
1033710
decaps cycles:
1087047
OK KEYS

+
keypair cycles:
1020620
encaps cycles:
1033320
decaps cycles:
1086657
OK KEYS

+
keypair cycles:
1020332
encaps cycles:
1033051
decaps cycles:
1086427
OK KEYS

+
keypair cycles:
1032497
encaps cycles:
1045237
decaps cycles:
1098574
OK KEYS

+
keypair cycles:
1020493
encaps cycles:
1033204
decaps cycles:
1086541
OK KEYS

+
keypair cycles:
1020790
encaps cycles:
1033517
decaps cycles:
1086854
OK KEYS

+
keypair cycles:
1021009
encaps cycles:
1033731
decaps cycles:
1087068
OK KEYS

+
keypair cycles:
1020436
encaps cycles:
1033226
decaps cycles:
1086525
OK KEYS

+
keypair cycles:
1021095
encaps cycles:
1033822
decaps cycles:
1087159
OK KEYS

+
keypair cycles:
1020645
encaps cycles:
1033354
decaps cycles:
1086691
OK KEYS

+
keypair cycles:
1020704
encaps cycles:
1033413
decaps cycles:
1086750
OK KEYS

+
keypair cycles:
1020833
encaps cycles:
1033543
decaps cycles:
1086880
OK KEYS

+
keypair cycles:
1020655
encaps cycles:
1033375
decaps cycles:
1086712
OK KEYS

+
keypair cycles:
1020373
encaps cycles:
1033080
decaps cycles:
1086417
OK KEYS

+
keypair cycles:
1021879
encaps cycles:
1034591
decaps cycles:
1087928
OK KEYS

+
keypair cycles:
1020811
encaps cycles:
1033545
decaps cycles:
1086882
OK KEYS

+
keypair cycles:
1020575
encaps cycles:
1033294
decaps cycles:
1086670
OK KEYS

+
keypair cycles:
1021050
encaps cycles:
1033775
decaps cycles:
1087112
OK KEYS

+
keypair cycles:
1020719
encaps cycles:
1033473
decaps cycles:
1086810
OK KEYS

+
keypair cycles:
1020659
encaps cycles:
1033374
decaps cycles:
1086711
OK KEYS

+
keypair cycles:
1021009
encaps cycles:
1033744
decaps cycles:
1087081
OK KEYS

+
keypair cycles:
1020954
encaps cycles:
1033720
decaps cycles:
1087019
OK KEYS

+
keypair cycles:
1019880
encaps cycles:
1032608
decaps cycles:
1085945
OK KEYS

+
keypair cycles:
1020312
encaps cycles:
1033006
decaps cycles:
1086343
OK KEYS

+
keypair cycles:
1019937
encaps cycles:
1032648
decaps cycles:
1085985
OK KEYS

+
keypair cycles:
1021003
encaps cycles:
1033727
decaps cycles:
1087064
OK KEYS

+
keypair cycles:
1020045
encaps cycles:
1032717
decaps cycles:
1086054
OK KEYS

+
keypair cycles:
1031817
encaps cycles:
1044555
decaps cycles:
1097892
OK KEYS

+
keypair cycles:
1031400
encaps cycles:
1044119
decaps cycles:
1097456
OK KEYS

+
keypair cycles:
1020883
encaps cycles:
1033620
decaps cycles:
1086957
OK KEYS

+
keypair cycles:
1021084
encaps cycles:
1033812
decaps cycles:
1087189
OK KEYS

+
keypair cycles:
1021350
encaps cycles:
1034025
decaps cycles:
1087362
OK KEYS

+
keypair cycles:
1020921
encaps cycles:
1033642
decaps cycles:
1086979
OK KEYS

+
keypair cycles:
1020796
encaps cycles:
1033558
decaps cycles:
1086895
OK KEYS

+
keypair cycles:
1021034
encaps cycles:
1033706
decaps cycles:
1087043
OK KEYS

+
keypair cycles:
1021095
encaps cycles:
1033811
decaps cycles:
1087148
OK KEYS

+
keypair cycles:
1032324
encaps cycles:
1045043
decaps cycles:
1098380
OK KEYS

+
keypair cycles:
1021177
encaps cycles:
1033905
decaps cycles:
1087242
OK KEYS

+
keypair cycles:
1021227
encaps cycles:
1033961
decaps cycles:
1087298
OK KEYS

+
keypair cycles:
1020449
encaps cycles:
1033166
decaps cycles:
1086503
OK KEYS

+
keypair cycles:
1020904
encaps cycles:
1033637
decaps cycles:
1086974
OK KEYS

+
keypair cycles:
1020751
encaps cycles:
1033492
decaps cycles:
1086829
OK KEYS

+
keypair cycles:
1019937
encaps cycles:
1032663
decaps cycles:
1086000
OK KEYS

+
keypair cycles:
1021161
encaps cycles:
1033872
decaps cycles:
1087209
OK KEYS

+
keypair cycles:
1032127
encaps cycles:
1044856
decaps cycles:
1098154
OK KEYS

+
keypair cycles:
1020350
encaps cycles:
1033038
decaps cycles:
1086375
OK KEYS

+
keypair cycles:
1020919
encaps cycles:
1033607
decaps cycles:
1086944
OK KEYS

+
keypair cycles:
1021426
encaps cycles:
1034157
decaps cycles:
1087494
OK KEYS

+
keypair cycles:
1021464
encaps cycles:
1034189
decaps cycles:
1087526
OK KEYS

+
keypair cycles:
1032398
encaps cycles:
1045092
decaps cycles:
1098429
OK KEYS

+
keypair cycles:
1020088
encaps cycles:
1032792
decaps cycles:
1086129
OK KEYS

+
keypair cycles:
1020917
encaps cycles:
1033628
decaps cycles:
1086965
OK KEYS

+
keypair cycles:
1021083
encaps cycles:
1033805
decaps cycles:
1087142
OK KEYS

+
keypair cycles:
1021177
encaps cycles:
1033861
decaps cycles:
1087236
OK KEYS

+
keypair cycles:
1031899
encaps cycles:
1044607
decaps cycles:
1097944
OK KEYS

+
keypair cycles:
1020519
encaps cycles:
1033246
decaps cycles:
1086583
OK KEYS

+
keypair cycles:
1032084
encaps cycles:
1044812
decaps cycles:
1098149
OK KEYS

+
keypair cycles:
1020107
encaps cycles:
1032837
decaps cycles:
1086174
OK KEYS

+
keypair cycles:
1019878
encaps cycles:
1032668
decaps cycles:
1085967
OK KEYS

+
keypair cycles:
1020769
encaps cycles:
1033462
decaps cycles:
1086799
OK KEYS

+
keypair cycles:
1021222
encaps cycles:
1033955
decaps cycles:
1087292
OK KEYS

+
keypair cycles:
1032480
encaps cycles:
1045174
decaps cycles:
1098511
OK KEYS

+
keypair cycles:
1020306
encaps cycles:
1033004
decaps cycles:
1086341
OK KEYS

+
keypair cycles:
1020767
encaps cycles:
1033414
decaps cycles:
1086751
OK KEYS

+
keypair cycles:
1020665
encaps cycles:
1033415
decaps cycles:
1086752
OK KEYS

+
keypair cycles:
1020582
encaps cycles:
1033269
decaps cycles:
1086606
OK KEYS

+
keypair cycles:
1021170
encaps cycles:
1033890
decaps cycles:
1087227
OK KEYS

+
keypair cycles:
1020218
encaps cycles:
1032980
decaps cycles:
1086354
OK KEYS

+
keypair cycles:
1021265
encaps cycles:
1033979
decaps cycles:
1087316
OK KEYS

+
keypair cycles:
1020317
encaps cycles:
1033009
decaps cycles:
1086346
OK KEYS

+
keypair cycles:
1020318
encaps cycles:
1033060
decaps cycles:
1086397
OK KEYS

+
keypair cycles:
1020900
encaps cycles:
1033595
decaps cycles:
1086932
OK KEYS

+
keypair cycles:
1020648
encaps cycles:
1033367
decaps cycles:
1086667
OK KEYS

+
keypair cycles:
1020126
encaps cycles:
1032820
decaps cycles:
1086157
OK KEYS

+
keypair cycles:
1021301
encaps cycles:
1034050
decaps cycles:
1087387
OK KEYS

+
keypair cycles:
1020354
encaps cycles:
1033040
decaps cycles:
1086377
OK KEYS

+
keypair cycles:
1021318
encaps cycles:
1034027
decaps cycles:
1087364
OK KEYS

+
keypair cycles:
1020695
encaps cycles:
1033411
decaps cycles:
1086748
OK KEYS

+
keypair cycles:
1020640
encaps cycles:
1033370
decaps cycles:
1086707
OK KEYS

+
keypair cycles:
1020448
encaps cycles:
1033175
decaps cycles:
1086512
OK KEYS

+
keypair cycles:
1020537
encaps cycles:
1033249
decaps cycles:
1086586
OK KEYS

+
keypair cycles:
1020459
encaps cycles:
1033186
decaps cycles:
1086561
OK KEYS

+
keypair cycles:
1021318
encaps cycles:
1034031
decaps cycles:
1087368
OK KEYS

+
keypair cycles:
1020846
encaps cycles:
1033559
decaps cycles:
1086896
OK KEYS

+
keypair cycles:
1020833
encaps cycles:
1033540
decaps cycles:
1086877
OK KEYS

+
keypair cycles:
1020970
encaps cycles:
1033674
decaps cycles:
1087011
OK KEYS

+
keypair cycles:
1032341
encaps cycles:
1045088
decaps cycles:
1098386
OK KEYS

+
keypair cycles:
1020454
encaps cycles:
1033203
decaps cycles:
1086540
OK KEYS

+
keypair cycles:
1021273
encaps cycles:
1033972
decaps cycles:
1087309
OK KEYS

+
keypair cycles:
1020268
encaps cycles:
1032991
decaps cycles:
1086328
OK KEYS

+
keypair cycles:
1032164
encaps cycles:
1044869
decaps cycles:
1098206
OK KEYS

+
keypair cycles:
1020425
encaps cycles:
1033143
decaps cycles:
1086480
OK KEYS

+
keypair cycles:
1020229
encaps cycles:
1032968
decaps cycles:
1086305
OK KEYS

+
keypair cycles:
1020916
encaps cycles:
1033598
decaps cycles:
1086935
OK KEYS

+
keypair cycles:
1031446
encaps cycles:
1044142
decaps cycles:
1097479
OK KEYS

+
keypair cycles:
1020724
encaps cycles:
1033472
decaps cycles:
1086771
OK KEYS

+
keypair cycles:
1021176
encaps cycles:
1033905
decaps cycles:
1087242
OK KEYS

+
keypair cycles:
1021239
encaps cycles:
1033952
decaps cycles:
1087289
OK KEYS

+
keypair cycles:
1020850
encaps cycles:
1033591
decaps cycles:
1086928
OK KEYS

+
keypair cycles:
1032011
encaps cycles:
1044726
decaps cycles:
1098063
OK KEYS

+
keypair cycles:
1032426
encaps cycles:
1045103
decaps cycles:
1098440
OK KEYS

+
keypair cycles:
1021650
encaps cycles:
1034381
decaps cycles:
1087718
OK KEYS

+
keypair cycles:
1021380
encaps cycles:
1034107
decaps cycles:
1087444
OK KEYS

+
keypair cycles:
1020310
encaps cycles:
1033018
decaps cycles:
1086355
OK KEYS

+
keypair cycles:
1020033
encaps cycles:
1032747
decaps cycles:
1086122
OK KEYS

+
keypair cycles:
1020518
encaps cycles:
1033267
decaps cycles:
1086604
OK KEYS

+
keypair cycles:
1020418
encaps cycles:
1033158
decaps cycles:
1086495
OK KEYS

+
keypair cycles:
1019922
encaps cycles:
1032613
decaps cycles:
1085950
OK KEYS

+
keypair cycles:
1031584
encaps cycles:
1044341
decaps cycles:
1097678
OK KEYS

+
keypair cycles:
1020219
encaps cycles:
1032967
decaps cycles:
1086266
OK KEYS

+
keypair cycles:
1021454
encaps cycles:
1034176
decaps cycles:
1087513
OK KEYS

+
keypair cycles:
1031625
encaps cycles:
1044348
decaps cycles:
1097685
OK KEYS

+
keypair cycles:
1020518
encaps cycles:
1033259
decaps cycles:
1086596
OK KEYS

+
keypair cycles:
1031760
encaps cycles:
1044430
decaps cycles:
1097767
OK KEYS

+
keypair cycles:
1020845
encaps cycles:
1033516
decaps cycles:
1086853
OK KEYS

+
keypair cycles:
1020657
encaps cycles:
1033384
decaps cycles:
1086721
OK KEYS

+
keypair cycles:
1020546
encaps cycles:
1033266
decaps cycles:
1086603
OK KEYS

+
keypair cycles:
1020431
encaps cycles:
1033126
decaps cycles:
1086463
OK KEYS

+
keypair cycles:
1021033
encaps cycles:
1033792
decaps cycles:
1087167
OK KEYS

+
keypair cycles:
1020368
encaps cycles:
1033084
decaps cycles:
1086421
OK KEYS

+
keypair cycles:
1020776
encaps cycles:
1033478
decaps cycles:
1086815
OK KEYS

+
keypair cycles:
1021236
encaps cycles:
1033916
decaps cycles:
1087253
OK KEYS

+
keypair cycles:
1020680
encaps cycles:
1033416
decaps cycles:
1086753
OK KEYS

+
keypair cycles:
1021506
encaps cycles:
1034266
decaps cycles:
1087567
OK KEYS

+
keypair cycles:
1021427
encaps cycles:
1034159
decaps cycles:
1087496
OK KEYS

+
keypair cycles:
1020362
encaps cycles:
1033089
decaps cycles:
1086426
OK KEYS

+
keypair cycles:
1031075
encaps cycles:
1043835
decaps cycles:
1097172
OK KEYS

+
keypair cycles:
1020135
encaps cycles:
1032862
decaps cycles:
1086199
OK KEYS

+
keypair cycles:
1031302
encaps cycles:
1043984
decaps cycles:
1097321
OK KEYS

+
keypair cycles:
1020583
encaps cycles:
1033309
decaps cycles:
1086646
OK KEYS

+
keypair cycles:
1021150
encaps cycles:
1033879
decaps cycles:
1087216
OK KEYS

+
keypair cycles:
1020502
encaps cycles:
1033214
decaps cycles:
1086551
OK KEYS

+
keypair cycles:
1020670
encaps cycles:
1033416
decaps cycles:
1086790
OK KEYS

+
keypair cycles:
1021361
encaps cycles:
1034056
decaps cycles:
1087393
OK KEYS

+
keypair cycles:
1032137
encaps cycles:
1044859
decaps cycles:
1098196
OK KEYS

+
keypair cycles:
1020638
encaps cycles:
1033377
decaps cycles:
1086714
OK KEYS

+
keypair cycles:
1021049
encaps cycles:
1033773
decaps cycles:
1087110
OK KEYS

+
keypair cycles:
1020795
encaps cycles:
1033542
decaps cycles:
1086839
OK KEYS

+
keypair cycles:
1020305
encaps cycles:
1033050
decaps cycles:
1086387
OK KEYS

+
keypair cycles:
1021072
encaps cycles:
1033810
decaps cycles:
1087147
OK KEYS

+
keypair cycles:
1020348
encaps cycles:
1033063
decaps cycles:
1086400
OK KEYS

+
keypair cycles:
1020581
encaps cycles:
1033331
decaps cycles:
1086668
OK KEYS

+
keypair cycles:
1020309
encaps cycles:
1033023
decaps cycles:
1086360
OK KEYS

+
keypair cycles:
1021221
encaps cycles:
1033939
decaps cycles:
1087276
OK KEYS

+
keypair cycles:
1031503
encaps cycles:
1044216
decaps cycles:
1097553
OK KEYS

+
keypair cycles:
1021175
encaps cycles:
1033892
decaps cycles:
1087229
OK KEYS

+
keypair cycles:
1020366
encaps cycles:
1033066
decaps cycles:
1086364
OK KEYS

+
keypair cycles:
1020861
encaps cycles:
1033571
decaps cycles:
1086908
OK KEYS

+
keypair cycles:
1021625
encaps cycles:
1034363
decaps cycles:
1087700
OK KEYS

+
keypair cycles:
1020401
encaps cycles:
1033159
decaps cycles:
1086496
OK KEYS

+
keypair cycles:
1020126
encaps cycles:
1032862
decaps cycles:
1086199
OK KEYS

+
keypair cycles:
1021184
encaps cycles:
1033853
decaps cycles:
1087190
OK KEYS

+
keypair cycles:
1020917
encaps cycles:
1033631
decaps cycles:
1086968
OK KEYS

+
keypair cycles:
1020972
encaps cycles:
1033676
decaps cycles:
1087013
OK KEYS

+
keypair cycles:
1031795
encaps cycles:
1044481
decaps cycles:
1097818
OK KEYS

+
keypair cycles:
1021865
encaps cycles:
1034566
decaps cycles:
1087942
OK KEYS

+
keypair cycles:
1020795
encaps cycles:
1033519
decaps cycles:
1086856
OK KEYS

+
keypair cycles:
1020554
encaps cycles:
1033244
decaps cycles:
1086581
OK KEYS

+
keypair cycles:
1020041
encaps cycles:
1032763
decaps cycles:
1086100
OK KEYS

+
keypair cycles:
1020908
encaps cycles:
1033647
decaps cycles:
1086984
OK KEYS

+
keypair cycles:
1020455
encaps cycles:
1033233
decaps cycles:
1086532
OK KEYS

+
keypair cycles:
1020388
encaps cycles:
1033124
decaps cycles:
1086461
OK KEYS

+
keypair cycles:
1020464
encaps cycles:
1033233
decaps cycles:
1086570
OK KEYS

+
keypair cycles:
1032513
encaps cycles:
1045215
decaps cycles:
1098552
OK KEYS

+
keypair cycles:
1021114
encaps cycles:
1033829
decaps cycles:
1087166
OK KEYS

+
keypair cycles:
1020185
encaps cycles:
1032860
decaps cycles:
1086197
OK KEYS

+
keypair cycles:
1043959
encaps cycles:
1056642
decaps cycles:
1109979
OK KEYS

+
keypair cycles:
1021417
encaps cycles:
1034118
decaps cycles:
1087455
OK KEYS

+
keypair cycles:
1031801
encaps cycles:
1044534
decaps cycles:
1097871
OK KEYS

+
keypair cycles:
1020851
encaps cycles:
1033560
decaps cycles:
1086935
OK KEYS

+
keypair cycles:
1019977
encaps cycles:
1032710
decaps cycles:
1086047
OK KEYS

+
keypair cycles:
1020534
encaps cycles:
1033261
decaps cycles:
1086598
OK KEYS

+
keypair cycles:
1020697
encaps cycles:
1033398
decaps cycles:
1086735
OK KEYS

+
keypair cycles:
1021193
encaps cycles:
1033882
decaps cycles:
1087219
OK KEYS

+
keypair cycles:
1021535
encaps cycles:
1034285
decaps cycles:
1087584
OK KEYS

+
keypair cycles:
1020179
encaps cycles:
1032896
decaps cycles:
1086233
OK KEYS

+
keypair cycles:
1020443
encaps cycles:
1033147
decaps cycles:
1086484
OK KEYS

+
keypair cycles:
1021241
encaps cycles:
1033979
decaps cycles:
1087316
OK KEYS

+
keypair cycles:
1021111
encaps cycles:
1033835
decaps cycles:
1087172
OK KEYS

+
keypair cycles:
1019678
encaps cycles:
1032343
decaps cycles:
1085680
OK KEYS

+
keypair cycles:
1020848
encaps cycles:
1033559
decaps cycles:
1086896
OK KEYS

+
keypair cycles:
1020019
encaps cycles:
1032756
decaps cycles:
1086093
OK KEYS

+
keypair cycles:
1020495
encaps cycles:
1033215
decaps cycles:
1086552
OK KEYS

+
keypair cycles:
1020739
encaps cycles:
1033465
decaps cycles:
1086839
OK KEYS

+
keypair cycles:
1021086
encaps cycles:
1033783
decaps cycles:
1087120
OK KEYS

+
keypair cycles:
1020468
encaps cycles:
1033184
decaps cycles:
1086521
OK KEYS

+
keypair cycles:
1020151
encaps cycles:
1032875
decaps cycles:
1086212
OK KEYS

+
keypair cycles:
1020911
encaps cycles:
1033643
decaps cycles:
1086980
OK KEYS

+
keypair cycles:
1021405
encaps cycles:
1034126
decaps cycles:
1087424
OK KEYS

+
keypair cycles:
1021441
encaps cycles:
1034164
decaps cycles:
1087501
OK KEYS

+
keypair cycles:
1020876
encaps cycles:
1033602
decaps cycles:
1086939
OK KEYS

+
keypair cycles:
1020625
encaps cycles:
1033365
decaps cycles:
1086702
OK KEYS

+
keypair cycles:
1032062
encaps cycles:
1044768
decaps cycles:
1098105
OK KEYS

+
keypair cycles:
1021143
encaps cycles:
1033855
decaps cycles:
1087192
OK KEYS

+
keypair cycles:
1031698
encaps cycles:
1044427
decaps cycles:
1097764
OK KEYS

+
keypair cycles:
1020163
encaps cycles:
1032877
decaps cycles:
1086214
OK KEYS

+
keypair cycles:
1020178
encaps cycles:
1032911
decaps cycles:
1086248
OK KEYS

+
keypair cycles:
1031721
encaps cycles:
1044489
decaps cycles:
1097826
OK KEYS

+
keypair cycles:
1021273
encaps cycles:
1033980
decaps cycles:
1087317
OK KEYS

+
keypair cycles:
1020423
encaps cycles:
1033175
decaps cycles:
1086512
OK KEYS

+
keypair cycles:
1020539
encaps cycles:
1033254
decaps cycles:
1086591
OK KEYS

+
keypair cycles:
1020564
encaps cycles:
1033276
decaps cycles:
1086613
OK KEYS

+
keypair cycles:
1020672
encaps cycles:
1033333
decaps cycles:
1086670
OK KEYS

+
keypair cycles:
1020674
encaps cycles:
1033394
decaps cycles:
1086731
OK KEYS

+
keypair cycles:
1020352
encaps cycles:
1033046
decaps cycles:
1086383
OK KEYS

+
keypair cycles:
1020769
encaps cycles:
1033474
decaps cycles:
1086811
OK KEYS

+
keypair cycles:
1020220
encaps cycles:
1032913
decaps cycles:
1086290
OK KEYS

+
keypair cycles:
1021176
encaps cycles:
1033908
decaps cycles:
1087245
OK KEYS

+
keypair cycles:
1020881
encaps cycles:
1033632
decaps cycles:
1086969
OK KEYS

+
keypair cycles:
1020386
encaps cycles:
1033111
decaps cycles:
1086448
OK KEYS

+
keypair cycles:
1020072
encaps cycles:
1032801
decaps cycles:
1086138
OK KEYS

+
keypair cycles:
1020682
encaps cycles:
1033406
decaps cycles:
1086706
OK KEYS

+
keypair cycles:
1020835
encaps cycles:
1033531
decaps cycles:
1086868
OK KEYS

+
keypair cycles:
1020096
encaps cycles:
1032787
decaps cycles:
1086124
OK KEYS

+
keypair cycles:
1020182
encaps cycles:
1032956
decaps cycles:
1086293
OK KEYS

+
keypair cycles:
1021250
encaps cycles:
1033941
decaps cycles:
1087278
OK KEYS

+
keypair cycles:
1019820
encaps cycles:
1032482
decaps cycles:
1085819
OK KEYS

+
keypair cycles:
1020778
encaps cycles:
1033495
decaps cycles:
1086832
OK KEYS

+
keypair cycles:
1020917
encaps cycles:
1033637
decaps cycles:
1086974
OK KEYS

+
keypair cycles:
1021401
encaps cycles:
1034153
decaps cycles:
1087490
OK KEYS

+
keypair cycles:
1019943
encaps cycles:
1032657
decaps cycles:
1086032
OK KEYS

+
keypair cycles:
1020549
encaps cycles:
1033289
decaps cycles:
1086626
OK KEYS

+
keypair cycles:
1020738
encaps cycles:
1033497
decaps cycles:
1086834
OK KEYS

+
keypair cycles:
1020825
encaps cycles:
1033542
decaps cycles:
1086879
OK KEYS

+
keypair cycles:
1031827
encaps cycles:
1044591
decaps cycles:
1097928
OK KEYS

+
keypair cycles:
1019983
encaps cycles:
1032750
decaps cycles:
1086049
OK KEYS

+
keypair cycles:
1020834
encaps cycles:
1033566
decaps cycles:
1086903
OK KEYS

+
keypair cycles:
1020196
encaps cycles:
1032911
decaps cycles:
1086248
OK KEYS

+
keypair cycles:
1021134
encaps cycles:
1033856
decaps cycles:
1087193
OK KEYS

+
keypair cycles:
1020962
encaps cycles:
1033706
decaps cycles:
1087043
OK KEYS

+
keypair cycles:
1021643
encaps cycles:
1034338
decaps cycles:
1087675
OK KEYS

+
keypair cycles:
1032462
encaps cycles:
1045178
decaps cycles:
1098515
OK KEYS

+
keypair cycles:
1020547
encaps cycles:
1033287
decaps cycles:
1086624
OK KEYS

+
keypair cycles:
1021006
encaps cycles:
1033709
decaps cycles:
1087046
OK KEYS

+
keypair cycles:
1019666
encaps cycles:
1032396
decaps cycles:
1085771
OK KEYS

+
keypair cycles:
1020747
encaps cycles:
1033495
decaps cycles:
1086832
OK KEYS

+
keypair cycles:
1020693
encaps cycles:
1033430
decaps cycles:
1086767
OK KEYS

+
keypair cycles:
1020925
encaps cycles:
1033653
decaps cycles:
1086990
OK KEYS

+
keypair cycles:
1020881
encaps cycles:
1033625
decaps cycles:
1086962
OK KEYS

+
keypair cycles:
1021319
encaps cycles:
1034074
decaps cycles:
1087371
OK KEYS

+
keypair cycles:
1020332
encaps cycles:
1033088
decaps cycles:
1086425
OK KEYS

+
keypair cycles:
1021148
encaps cycles:
1033834
decaps cycles:
1087171
OK KEYS

+
keypair cycles:
1020867
encaps cycles:
1033564
decaps cycles:
1086901
OK KEYS

+
keypair cycles:
1020320
encaps cycles:
1033033
decaps cycles:
1086370
OK KEYS

+
keypair cycles:
1020732
encaps cycles:
1033428
decaps cycles:
1086765
OK KEYS

+
keypair cycles:
1032498
encaps cycles:
1045212
decaps cycles:
1098549
OK KEYS

+
keypair cycles:
1020902
encaps cycles:
1033560
decaps cycles:
1086897
OK KEYS

+
keypair cycles:
1021514
encaps cycles:
1034293
decaps cycles:
1087630
OK KEYS

+
keypair cycles:
1021000
encaps cycles:
1033727
decaps cycles:
1087105
OK KEYS

+
keypair cycles:
1020844
encaps cycles:
1033559
decaps cycles:
1086896
OK KEYS

+
keypair cycles:
1020369
encaps cycles:
1033071
decaps cycles:
1086408
OK KEYS

+
keypair cycles:
1032445
encaps cycles:
1045125
decaps cycles:
1098462
OK KEYS

+
keypair cycles:
1020430
encaps cycles:
1033145
decaps cycles:
1086482
OK KEYS

+
keypair cycles:
1019618
encaps cycles:
1032314
decaps cycles:
1085651
OK KEYS

+
keypair cycles:
1032100
encaps cycles:
1044851
decaps cycles:
1098188
OK KEYS

+
keypair cycles:
1032006
encaps cycles:
1044738
decaps cycles:
1098075
OK KEYS

+
keypair cycles:
1020990
encaps cycles:
1033693
decaps cycles:
1087030
OK KEYS

+
keypair cycles:
1020429
encaps cycles:
1033194
decaps cycles:
1086569
OK KEYS

+
keypair cycles:
1020371
encaps cycles:
1033084
decaps cycles:
1086421
OK KEYS

+
keypair cycles:
1020963
encaps cycles:
1033680
decaps cycles:
1087017
OK KEYS

+
keypair cycles:
1021162
encaps cycles:
1033877
decaps cycles:
1087214
OK KEYS

+
keypair cycles:
1020480
encaps cycles:
1033194
decaps cycles:
1086531
OK KEYS

+
keypair cycles:
1032231
encaps cycles:
1045018
decaps cycles:
1098315
OK KEYS

+
keypair cycles:
1032184
encaps cycles:
1044935
decaps cycles:
1098272
OK KEYS

+
keypair cycles:
1020114
encaps cycles:
1032859
decaps cycles:
1086196
OK KEYS

+
keypair cycles:
1021056
encaps cycles:
1033794
decaps cycles:
1087131
OK KEYS

+
keypair cycles:
1020607
encaps cycles:
1033290
decaps cycles:
1086627
OK KEYS

+
keypair cycles:
1020212
encaps cycles:
1032902
decaps cycles:
1086239
OK KEYS

+
keypair cycles:
1020912
encaps cycles:
1033654
decaps cycles:
1086991
OK KEYS

+
keypair cycles:
1020646
encaps cycles:
1033358
decaps cycles:
1086695
OK KEYS

+
keypair cycles:
1020097
encaps cycles:
1032799
decaps cycles:
1086136
OK KEYS

+
keypair cycles:
1020831
encaps cycles:
1033508
decaps cycles:
1086884
OK KEYS

+
keypair cycles:
1021138
encaps cycles:
1033837
decaps cycles:
1087174
OK KEYS

+
keypair cycles:
1019916
encaps cycles:
1032652
decaps cycles:
1085989
OK KEYS

+
keypair cycles:
1020975
encaps cycles:
1033647
decaps cycles:
1086984
OK KEYS

+
keypair cycles:
1020048
encaps cycles:
1032773
decaps cycles:
1086110
OK KEYS

+
keypair cycles:
1043813
encaps cycles:
1056568
decaps cycles:
1109866
OK KEYS

+
keypair cycles:
1021699
encaps cycles:
1034450
decaps cycles:
1087787
OK KEYS

+
keypair cycles:
1020011
encaps cycles:
1032761
decaps cycles:
1086098
OK KEYS

+
keypair cycles:
1031967
encaps cycles:
1044724
decaps cycles:
1098061
OK KEYS

+
keypair cycles:
1020865
encaps cycles:
1033532
decaps cycles:
1086869
OK KEYS

+
keypair cycles:
1020534
encaps cycles:
1033235
decaps cycles:
1086572
OK KEYS

+
keypair cycles:
1020670
encaps cycles:
1033352
decaps cycles:
1086689
OK KEYS

+
keypair cycles:
1019792
encaps cycles:
1032549
decaps cycles:
1085886
OK KEYS

+
keypair cycles:
1021589
encaps cycles:
1034312
decaps cycles:
1087649
OK KEYS

+
keypair cycles:
1020330
encaps cycles:
1033047
decaps cycles:
1086424
OK KEYS

+
keypair cycles:
1021026
encaps cycles:
1033751
decaps cycles:
1087088
OK KEYS

+
keypair cycles:
1031540
encaps cycles:
1044239
decaps cycles:
1097576
OK KEYS

+
keypair cycles:
1020578
encaps cycles:
1033292
decaps cycles:
1086629
OK KEYS

+
keypair cycles:
1020746
encaps cycles:
1033491
decaps cycles:
1086828
OK KEYS

+
keypair cycles:
1020342
encaps cycles:
1033125
decaps cycles:
1086423
OK KEYS

+
keypair cycles:
1020912
encaps cycles:
1033605
decaps cycles:
1086942
OK KEYS

+
keypair cycles:
1020575
encaps cycles:
1033298
decaps cycles:
1086635
OK KEYS

+
keypair cycles:
1021123
encaps cycles:
1033838
decaps cycles:
1087175
OK KEYS

+
keypair cycles:
1020517
encaps cycles:
1033250
decaps cycles:
1086587
OK KEYS

+
keypair cycles:
1020700
encaps cycles:
1033394
decaps cycles:
1086731
OK KEYS

+
keypair cycles:
1021689
encaps cycles:
1034409
decaps cycles:
1087746
OK KEYS

+
keypair cycles:
1020807
encaps cycles:
1033520
decaps cycles:
1086857
OK KEYS

+
keypair cycles:
1020773
encaps cycles:
1033439
decaps cycles:
1086776
OK KEYS

+
keypair cycles:
1020579
encaps cycles:
1033296
decaps cycles:
1086673
OK KEYS

+
keypair cycles:
1020756
encaps cycles:
1033481
decaps cycles:
1086818
OK KEYS

+
keypair cycles:
1020713
encaps cycles:
1033424
decaps cycles:
1086761
OK KEYS

+
keypair cycles:
1020531
encaps cycles:
1033242
decaps cycles:
1086579
OK KEYS

+
keypair cycles:
1020630
encaps cycles:
1033363
decaps cycles:
1086700
OK KEYS

+
keypair cycles:
1031992
encaps cycles:
1044719
decaps cycles:
1098056
OK KEYS

+
keypair cycles:
1020269
encaps cycles:
1033018
decaps cycles:
1086355
OK KEYS

+
keypair cycles:
1020626
encaps cycles:
1033352
decaps cycles:
1086689
OK KEYS

+
keypair cycles:
1020954
encaps cycles:
1033659
decaps cycles:
1086996
OK KEYS

+
keypair cycles:
1031914
encaps cycles:
1044676
decaps cycles:
1098053
OK KEYS

+
keypair cycles:
1031494
encaps cycles:
1044259
decaps cycles:
1097596
OK KEYS

+
keypair cycles:
1020586
encaps cycles:
1033303
decaps cycles:
1086640
OK KEYS

+
keypair cycles:
1020688
encaps cycles:
1033445
decaps cycles:
1086782
OK KEYS

+
keypair cycles:
1020360
encaps cycles:
1033068
decaps cycles:
1086405
OK KEYS

+
keypair cycles:
1020644
encaps cycles:
1033413
decaps cycles:
1086712
OK KEYS

+
keypair cycles:
1020123
encaps cycles:
1032857
decaps cycles:
1086194
OK KEYS

+
keypair cycles:
1020412
encaps cycles:
1033108
decaps cycles:
1086445
OK KEYS

+
keypair cycles:
1020558
encaps cycles:
1033258
decaps cycles:
1086595
OK KEYS

+
keypair cycles:
1031737
encaps cycles:
1044424
decaps cycles:
1097761
OK KEYS

+
keypair cycles:
1020766
encaps cycles:
1033429
decaps cycles:
1086766
OK KEYS

+
keypair cycles:
1021128
encaps cycles:
1033911
decaps cycles:
1087248
OK KEYS

+
keypair cycles:
1021172
encaps cycles:
1033880
decaps cycles:
1087217
OK KEYS

+
keypair cycles:
1020963
encaps cycles:
1033673
decaps cycles:
1087010
OK KEYS

+
keypair cycles:
1021918
encaps cycles:
1034643
decaps cycles:
1088018
OK KEYS

+
keypair cycles:
1020922
encaps cycles:
1033654
decaps cycles:
1086991
OK KEYS

+
keypair cycles:
1020768
encaps cycles:
1033464
decaps cycles:
1086801
OK KEYS

+
keypair cycles:
1020640
encaps cycles:
1033386
decaps cycles:
1086723
OK KEYS

+
keypair cycles:
1020588
encaps cycles:
1033293
decaps cycles:
1086630
OK KEYS

+
keypair cycles:
1020374
encaps cycles:
1033160
decaps cycles:
1086458
OK KEYS

+
keypair cycles:
1020245
encaps cycles:
1032953
decaps cycles:
1086290
OK KEYS

+
keypair cycles:
1020190
encaps cycles:
1032905
decaps cycles:
1086242
OK KEYS

+
keypair cycles:
1021093
encaps cycles:
1033814
decaps cycles:
1087151
OK KEYS

+
keypair cycles:
1020812
encaps cycles:
1033504
decaps cycles:
1086841
OK KEYS

+
keypair cycles:
1020283
encaps cycles:
1032978
decaps cycles:
1086315
OK KEYS

+
keypair cycles:
1021076
encaps cycles:
1033761
decaps cycles:
1087098
OK KEYS

+
keypair cycles:
1021582
encaps cycles:
1034293
decaps cycles:
1087630
OK KEYS

+
keypair cycles:
1020603
encaps cycles:
1033305
decaps cycles:
1086642
OK KEYS

+
keypair cycles:
1020755
encaps cycles:
1033494
decaps cycles:
1086869
OK KEYS

+
keypair cycles:
1032302
encaps cycles:
1045016
decaps cycles:
1098353
OK KEYS

+
keypair cycles:
1020257
encaps cycles:
1033003
decaps cycles:
1086340
OK KEYS

+
keypair cycles:
1020360
encaps cycles:
1033107
decaps cycles:
1086444
OK KEYS

+
keypair cycles:
1031578
encaps cycles:
1044303
decaps cycles:
1097640
OK KEYS

+
keypair cycles:
1019983
encaps cycles:
1032750
decaps cycles:
1086051
OK KEYS

+
keypair cycles:
1020450
encaps cycles:
1033141
decaps cycles:
1086478
OK KEYS

+
keypair cycles:
1020352
encaps cycles:
1033070
decaps cycles:
1086407
OK KEYS

+
keypair cycles:
1032461
encaps cycles:
1045172
decaps cycles:
1098509
OK KEYS

+
keypair cycles:
1020250
encaps cycles:
1032967
decaps cycles:
1086304
OK KEYS

+
keypair cycles:
1043499
encaps cycles:
1056161
decaps cycles:
1109498
OK KEYS

+
keypair cycles:
1020515
encaps cycles:
1033265
decaps cycles:
1086602
OK KEYS

+
keypair cycles:
1020889
encaps cycles:
1033602
decaps cycles:
1086939
OK KEYS

+
keypair cycles:
1021044
encaps cycles:
1033756
decaps cycles:
1087093
OK KEYS

+
keypair cycles:
1020748
encaps cycles:
1033421
decaps cycles:
1086797
OK KEYS

+
keypair cycles:
1031958
encaps cycles:
1044703
decaps cycles:
1098040
OK KEYS

+
keypair cycles:
1032152
encaps cycles:
1044855
decaps cycles:
1098192
OK KEYS

+
keypair cycles:
1021586
encaps cycles:
1034300
decaps cycles:
1087637
OK KEYS

+
keypair cycles:
1020544
encaps cycles:
1033236
decaps cycles:
1086573
OK KEYS

+
keypair cycles:
1021527
encaps cycles:
1034245
decaps cycles:
1087582
OK KEYS

+
keypair cycles:
1021443
encaps cycles:
1034172
decaps cycles:
1087509
OK KEYS

+
keypair cycles:
1020463
encaps cycles:
1033192
decaps cycles:
1086529
OK KEYS

+
keypair cycles:
1020427
encaps cycles:
1033165
decaps cycles:
1086502
OK KEYS

+
keypair cycles:
1020866
encaps cycles:
1033637
decaps cycles:
1087012
OK KEYS

+
keypair cycles:
1020233
encaps cycles:
1032947
decaps cycles:
1086284
OK KEYS

+
keypair cycles:
1020468
encaps cycles:
1033162
decaps cycles:
1086499
OK KEYS

+
keypair cycles:
1020741
encaps cycles:
1033479
decaps cycles:
1086816
OK KEYS

+
keypair cycles:
1021552
encaps cycles:
1034240
decaps cycles:
1087577
OK KEYS

+
keypair cycles:
1019997
encaps cycles:
1032755
decaps cycles:
1086052
OK KEYS

+
keypair cycles:
1020699
encaps cycles:
1033439
decaps cycles:
1086776
OK KEYS

+
keypair cycles:
1020550
encaps cycles:
1033282
decaps cycles:
1086619
OK KEYS

+
keypair cycles:
1020883
encaps cycles:
1033585
decaps cycles:
1086922
OK KEYS

+
keypair cycles:
1020769
encaps cycles:
1033491
decaps cycles:
1086828
OK KEYS

+
keypair cycles:
1020751
encaps cycles:
1033439
decaps cycles:
1086776
OK KEYS

+
keypair cycles:
1032452
encaps cycles:
1045180
decaps cycles:
1098517
OK KEYS

+
keypair cycles:
1021089
encaps cycles:
1033803
decaps cycles:
1087140
OK KEYS

+
keypair cycles:
1020628
encaps cycles:
1033375
decaps cycles:
1086712
OK KEYS

+
keypair cycles:
1021303
encaps cycles:
1034030
decaps cycles:
1087407
OK KEYS

+
keypair cycles:
1043569
encaps cycles:
1056237
decaps cycles:
1109574
OK KEYS

+
keypair cycles:
1020349
encaps cycles:
1033100
decaps cycles:
1086437
OK KEYS

+
keypair cycles:
1020566
encaps cycles:
1033277
decaps cycles:
1086614
OK KEYS

+
keypair cycles:
1020318
encaps cycles:
1033053
decaps cycles:
1086390
OK KEYS

+
keypair cycles:
1021115
encaps cycles:
1033889
decaps cycles:
1087187
OK KEYS

+
keypair cycles:
1031861
encaps cycles:
1044567
decaps cycles:
1097904
OK KEYS

+
keypair cycles:
1020241
encaps cycles:
1032970
decaps cycles:
1086307
OK KEYS

+
keypair cycles:
1020428
encaps cycles:
1033118
decaps cycles:
1086455
OK KEYS

+
keypair cycles:
1021145
encaps cycles:
1033871
decaps cycles:
1087208
OK KEYS

+
keypair cycles:
1031655
encaps cycles:
1044338
decaps cycles:
1097675
OK KEYS

+
keypair cycles:
1032660
encaps cycles:
1045380
decaps cycles:
1098717
OK KEYS

+
keypair cycles:
1020255
encaps cycles:
1032958
decaps cycles:
1086295
OK KEYS

+
keypair cycles:
1020844
encaps cycles:
1033575
decaps cycles:
1086912
OK KEYS

+
keypair cycles:
1020009
encaps cycles:
1032710
decaps cycles:
1086086
OK KEYS

+
keypair cycles:
1019598
encaps cycles:
1032346
decaps cycles:
1085683
OK KEYS

+
keypair cycles:
1032226
encaps cycles:
1044934
decaps cycles:
1098271
OK KEYS

+
keypair cycles:
1021162
encaps cycles:
1033854
decaps cycles:
1087191
OK KEYS

+
keypair cycles:
1020242
encaps cycles:
1032953
decaps cycles:
1086290
OK KEYS

+
keypair cycles:
1019925
encaps cycles:
1032675
decaps cycles:
1085973
OK KEYS

+
keypair cycles:
1021120
encaps cycles:
1033843
decaps cycles:
1087180
OK KEYS

+
keypair cycles:
1031785
encaps cycles:
1044487
decaps cycles:
1097824
OK KEYS

+
keypair cycles:
1020377
encaps cycles:
1033089
decaps cycles:
1086426
OK KEYS

+
keypair cycles:
1020296
encaps cycles:
1033040
decaps cycles:
1086377
OK KEYS

+
keypair cycles:
1020796
encaps cycles:
1033505
decaps cycles:
1086842
OK KEYS

+
keypair cycles:
1020638
encaps cycles:
1033375
decaps cycles:
1086712
OK KEYS

+
keypair cycles:
1031772
encaps cycles:
1044500
decaps cycles:
1097837
OK KEYS

+
keypair cycles:
1020563
encaps cycles:
1033293
decaps cycles:
1086630
OK KEYS

+
keypair cycles:
1031302
encaps cycles:
1044008
decaps cycles:
1097345
OK KEYS

+
keypair cycles:
1021026
encaps cycles:
1033741
decaps cycles:
1087078
OK KEYS

+
keypair cycles:
1032688
encaps cycles:
1045435
decaps cycles:
1098772
OK KEYS

+
keypair cycles:
1020378
encaps cycles:
1033088
decaps cycles:
1086425
OK KEYS

+
keypair cycles:
1020755
encaps cycles:
1033450
decaps cycles:
1086787
OK KEYS

+
keypair cycles:
1021286
encaps cycles:
1033994
decaps cycles:
1087331
OK KEYS

+
keypair cycles:
1020697
encaps cycles:
1033390
decaps cycles:
1086727
OK KEYS

+
keypair cycles:
1021089
encaps cycles:
1033784
decaps cycles:
1087121
OK KEYS

+
keypair cycles:
1020701
encaps cycles:
1033384
decaps cycles:
1086721
OK KEYS

+
keypair cycles:
1020768
encaps cycles:
1033488
decaps cycles:
1086863
OK KEYS

+
keypair cycles:
1020930
encaps cycles:
1033646
decaps cycles:
1086983
OK KEYS

+
keypair cycles:
1020447
encaps cycles:
1033182
decaps cycles:
1086519
OK KEYS

+
keypair cycles:
1020632
encaps cycles:
1033354
decaps cycles:
1086691
OK KEYS

+
keypair cycles:
1021183
encaps cycles:
1033892
decaps cycles:
1087229
OK KEYS

+
keypair cycles:
1020420
encaps cycles:
1033164
decaps cycles:
1086461
OK KEYS

+
keypair cycles:
1031835
encaps cycles:
1044568
decaps cycles:
1097905
OK KEYS

+
keypair cycles:
1032238
encaps cycles:
1044957
decaps cycles:
1098294
OK KEYS

+
keypair cycles:
1021657
encaps cycles:
1034398
decaps cycles:
1087735
OK KEYS

+
keypair cycles:
1021081
encaps cycles:
1033784
decaps cycles:
1087121
OK KEYS

+
keypair cycles:
1021142
encaps cycles:
1033784
decaps cycles:
1087121
OK KEYS

+
keypair cycles:
1020909
encaps cycles:
1033607
decaps cycles:
1086944
OK KEYS

+
keypair cycles:
1020138
encaps cycles:
1032809
decaps cycles:
1086146
OK KEYS

+
keypair cycles:
1020149
encaps cycles:
1032849
decaps cycles:
1086186
OK KEYS

+
keypair cycles:
1020445
encaps cycles:
1033178
decaps cycles:
1086553
OK KEYS

+
keypair cycles:
1020332
encaps cycles:
1033055
decaps cycles:
1086392
OK KEYS

+
keypair cycles:
1020433
encaps cycles:
1033171
decaps cycles:
1086508
OK KEYS

+
keypair cycles:
1032272
encaps cycles:
1045012
decaps cycles:
1098349
OK KEYS

+
keypair cycles:
1020746
encaps cycles:
1033438
decaps cycles:
1086775
OK KEYS

+
keypair cycles:
1020738
encaps cycles:
1033472
decaps cycles:
1086772
OK KEYS

+
keypair cycles:
1020726
encaps cycles:
1033435
decaps cycles:
1086772
OK KEYS

+
keypair cycles:
1020415
encaps cycles:
1033148
decaps cycles:
1086485
OK KEYS

+
keypair cycles:
1021015
encaps cycles:
1033699
decaps cycles:
1087036
OK KEYS

+
keypair cycles:
1021005
encaps cycles:
1033731
decaps cycles:
1087068
OK KEYS

+
keypair cycles:
1020466
encaps cycles:
1033157
decaps cycles:
1086494
OK KEYS

+
keypair cycles:
1020770
encaps cycles:
1033458
decaps cycles:
1086795
OK KEYS

+
keypair cycles:
1020691
encaps cycles:
1033463
decaps cycles:
1086800
OK KEYS

+
keypair cycles:
1020605
encaps cycles:
1033317
decaps cycles:
1086654
OK KEYS

+
keypair cycles:
1020896
encaps cycles:
1033613
decaps cycles:
1086990
OK KEYS

+
keypair cycles:
1020886
encaps cycles:
1033582
decaps cycles:
1086919
OK KEYS

+
keypair cycles:
1020368
encaps cycles:
1033078
decaps cycles:
1086415
OK KEYS

+
keypair cycles:
1020436
encaps cycles:
1033154
decaps cycles:
1086491
OK KEYS

+
keypair cycles:
1021110
encaps cycles:
1033802
decaps cycles:
1087139
OK KEYS

+
keypair cycles:
1020996
encaps cycles:
1033727
decaps cycles:
1087025
OK KEYS

+
keypair cycles:
1020986
encaps cycles:
1033693
decaps cycles:
1087030
OK KEYS

+
keypair cycles:
1043386
encaps cycles:
1056095
decaps cycles:
1109432
OK KEYS

+
keypair cycles:
1020794
encaps cycles:
1033538
decaps cycles:
1086875
OK KEYS

+
keypair cycles:
1020869
encaps cycles:
1033601
decaps cycles:
1086938
OK KEYS

+
keypair cycles:
1020463
encaps cycles:
1033136
decaps cycles:
1086473
OK KEYS

+
keypair cycles:
1020153
encaps cycles:
1032840
decaps cycles:
1086177
OK KEYS

+
keypair cycles:
1020497
encaps cycles:
1033207
decaps cycles:
1086544
OK KEYS

+
keypair cycles:
1020868
encaps cycles:
1033582
decaps cycles:
1086919
OK KEYS

+
keypair cycles:
1021125
encaps cycles:
1033857
decaps cycles:
1087234
OK KEYS

+
keypair cycles:
1019928
encaps cycles:
1032645
decaps cycles:
1085982
OK KEYS

+
keypair cycles:
1020801
encaps cycles:
1033521
decaps cycles:
1086858
OK KEYS

+
keypair cycles:
1020782
encaps cycles:
1033532
decaps cycles:
1086869
OK KEYS

+
keypair cycles:
1031529
encaps cycles:
1044280
decaps cycles:
1097617
OK KEYS

+
keypair cycles:
1020260
encaps cycles:
1033023
decaps cycles:
1086360
OK KEYS

+
keypair cycles:
1020830
encaps cycles:
1033546
decaps cycles:
1086883
OK KEYS

+
keypair cycles:
1020720
encaps cycles:
1033392
decaps cycles:
1086729
OK KEYS

+
keypair cycles:
1032357
encaps cycles:
1045095
decaps cycles:
1098432
OK KEYS

+
keypair cycles:
1021250
encaps cycles:
1033975
decaps cycles:
1087351
OK KEYS

+
keypair cycles:
1019933
encaps cycles:
1032633
decaps cycles:
1085970
OK KEYS

+
keypair cycles:
1021045
encaps cycles:
1033788
decaps cycles:
1087125
OK KEYS

+
keypair cycles:
1020499
encaps cycles:
1033207
decaps cycles:
1086544
OK KEYS

+
keypair cycles:
1020802
encaps cycles:
1033519
decaps cycles:
1086856
OK KEYS

+
keypair cycles:
1019854
encaps cycles:
1032557
decaps cycles:
1085856
OK KEYS

+
keypair cycles:
1021827
encaps cycles:
1034559
decaps cycles:
1087896
OK KEYS

+
keypair cycles:
1020232
encaps cycles:
1032959
decaps cycles:
1086296
OK KEYS

+
keypair cycles:
1020872
encaps cycles:
1033611
decaps cycles:
1086948
OK KEYS

+
keypair cycles:
1020463
encaps cycles:
1033177
decaps cycles:
1086514
OK KEYS

+
keypair cycles:
1021012
encaps cycles:
1033741
decaps cycles:
1087078
OK KEYS

+
keypair cycles:
1021113
encaps cycles:
1033801
decaps cycles:
1087138
OK KEYS

+
keypair cycles:
1021382
encaps cycles:
1034106
decaps cycles:
1087443
OK KEYS

+
keypair cycles:
1031892
encaps cycles:
1044595
decaps cycles:
1097932
OK KEYS

+
keypair cycles:
1019771
encaps cycles:
1032497
decaps cycles:
1085872
OK KEYS

+
keypair cycles:
1021246
encaps cycles:
1033952
decaps cycles:
1087289
OK KEYS

+
keypair cycles:
1020821
encaps cycles:
1033537
decaps cycles:
1086874
OK KEYS

+
keypair cycles:
1021133
encaps cycles:
1033858
decaps cycles:
1087195
OK KEYS

+
keypair cycles:
1021391
encaps cycles:
1034076
decaps cycles:
1087413
OK KEYS

+
keypair cycles:
1020865
encaps cycles:
1033641
decaps cycles:
1086940
OK KEYS

+
keypair cycles:
1020286
encaps cycles:
1033003
decaps cycles:
1086340
OK KEYS

+
keypair cycles:
1020779
encaps cycles:
1033498
decaps cycles:
1086835
OK KEYS

+
keypair cycles:
1021306
encaps cycles:
1034031
decaps cycles:
1087368
OK KEYS

+
keypair cycles:
1020514
encaps cycles:
1033226
decaps cycles:
1086563
OK KEYS

+
keypair cycles:
1031644
encaps cycles:
1044346
decaps cycles:
1097683
OK KEYS

+
keypair cycles:
1020055
encaps cycles:
1032765
decaps cycles:
1086102
OK KEYS

+
keypair cycles:
1020138
encaps cycles:
1032853
decaps cycles:
1086190
OK KEYS

+
keypair cycles:
1020216
encaps cycles:
1032957
decaps cycles:
1086294
OK KEYS

+
keypair cycles:
1020513
encaps cycles:
1033227
decaps cycles:
1086604
OK KEYS

+
keypair cycles:
1020590
encaps cycles:
1033301
decaps cycles:
1086638
OK KEYS

+
keypair cycles:
1020996
encaps cycles:
1033720
decaps cycles:
1087057
OK KEYS

+
keypair cycles:
1020929
encaps cycles:
1033635
decaps cycles:
1086972
OK KEYS

+
keypair cycles:
1032185
encaps cycles:
1044891
decaps cycles:
1098228
OK KEYS

+
keypair cycles:
1021227
encaps cycles:
1033973
decaps cycles:
1087270
OK KEYS

+
keypair cycles:
1019963
encaps cycles:
1032705
decaps cycles:
1086042
OK KEYS

+
keypair cycles:
1020298
encaps cycles:
1033004
decaps cycles:
1086341
OK KEYS

+
keypair cycles:
1021446
encaps cycles:
1034172
decaps cycles:
1087509
OK KEYS

+
keypair cycles:
1021043
encaps cycles:
1033749
decaps cycles:
1087086
OK KEYS

+
keypair cycles:
1021304
encaps cycles:
1033966
decaps cycles:
1087303
OK KEYS

+
keypair cycles:
1020503
encaps cycles:
1033190
decaps cycles:
1086527
OK KEYS

+
keypair cycles:
1020020
encaps cycles:
1032723
decaps cycles:
1086060
OK KEYS

+
keypair cycles:
1031514
encaps cycles:
1044211
decaps cycles:
1097548
OK KEYS

+
keypair cycles:
1020583
encaps cycles:
1033314
decaps cycles:
1086689
OK KEYS

+
keypair cycles:
1032306
encaps cycles:
1045053
decaps cycles:
1098390
OK KEYS

+
keypair cycles:
1019903
encaps cycles:
1032614
decaps cycles:
1085951
OK KEYS

+
keypair cycles:
1021710
encaps cycles:
1034457
decaps cycles:
1087794
OK KEYS

+
keypair cycles:
1020479
encaps cycles:
1033171
decaps cycles:
1086508
OK KEYS

+
keypair cycles:
1021162
encaps cycles:
1033929
decaps cycles:
1087227
OK KEYS

+
keypair cycles:
1031927
encaps cycles:
1044655
decaps cycles:
1097992
OK KEYS

+
keypair cycles:
1020623
encaps cycles:
1033324
decaps cycles:
1086661
OK KEYS

+
keypair cycles:
1020410
encaps cycles:
1033135
decaps cycles:
1086472
OK KEYS

+
keypair cycles:
1020986
encaps cycles:
1033689
decaps cycles:
1087026
OK KEYS

+
keypair cycles:
1020812
encaps cycles:
1033518
decaps cycles:
1086855
OK KEYS

+
keypair cycles:
1021050
encaps cycles:
1033780
decaps cycles:
1087117
OK KEYS

+
keypair cycles:
1031400
encaps cycles:
1044115
decaps cycles:
1097452
OK KEYS

+
keypair cycles:
1020842
encaps cycles:
1033562
decaps cycles:
1086899
OK KEYS

+
keypair cycles:
1020768
encaps cycles:
1033492
decaps cycles:
1086792
OK KEYS

+
keypair cycles:
1020482
encaps cycles:
1033165
decaps cycles:
1086502
OK KEYS

+
keypair cycles:
1032539
encaps cycles:
1045247
decaps cycles:
1098584
OK KEYS

+
keypair cycles:
1020250
encaps cycles:
1032981
decaps cycles:
1086318
OK KEYS

+
keypair cycles:
1020489
encaps cycles:
1033173
decaps cycles:
1086510
OK KEYS

+
keypair cycles:
1020944
encaps cycles:
1033640
decaps cycles:
1086977
OK KEYS

+
keypair cycles:
1021395
encaps cycles:
1034089
decaps cycles:
1087426
OK KEYS

+
keypair cycles:
1020725
encaps cycles:
1033407
decaps cycles:
1086744
OK KEYS

+
keypair cycles:
1020454
encaps cycles:
1033170
decaps cycles:
1086507
OK KEYS

+
keypair cycles:
1031977
encaps cycles:
1044660
decaps cycles:
1098034
OK KEYS

+
keypair cycles:
1019775
encaps cycles:
1032496
decaps cycles:
1085833
OK KEYS

+
keypair cycles:
1021311
encaps cycles:
1034073
decaps cycles:
1087410
OK KEYS

+
keypair cycles:
1032163
encaps cycles:
1044870
decaps cycles:
1098207
OK KEYS

+
keypair cycles:
1020257
encaps cycles:
1032990
decaps cycles:
1086327
OK KEYS

+
keypair cycles:
1021627
encaps cycles:
1034373
decaps cycles:
1087670
OK KEYS

+
keypair cycles:
1020898
encaps cycles:
1033629
decaps cycles:
1086966
OK KEYS

+
keypair cycles:
1020938
encaps cycles:
1033662
decaps cycles:
1086999
OK KEYS

+
keypair cycles:
1020796
encaps cycles:
1033531
decaps cycles:
1086868
OK KEYS

+
keypair cycles:
1021165
encaps cycles:
1033857
decaps cycles:
1087194
OK KEYS

+
keypair cycles:
1020840
encaps cycles:
1033499
decaps cycles:
1086836
OK KEYS

+
keypair cycles:
1031451
encaps cycles:
1044173
decaps cycles:
1097510
OK KEYS

+
keypair cycles:
1020416
encaps cycles:
1033123
decaps cycles:
1086460
OK KEYS

+
keypair cycles:
1020267
encaps cycles:
1032976
decaps cycles:
1086313
OK KEYS

+
keypair cycles:
1020194
encaps cycles:
1032916
decaps cycles:
1086292
OK KEYS

+
keypair cycles:
1020623
encaps cycles:
1033331
decaps cycles:
1086668
OK KEYS

+
keypair cycles:
1020690
encaps cycles:
1033402
decaps cycles:
1086739
OK KEYS

+
keypair cycles:
1031756
encaps cycles:
1044475
decaps cycles:
1097812
OK KEYS

+
keypair cycles:
1019879
encaps cycles:
1032648
decaps cycles:
1085985
OK KEYS

+
keypair cycles:
1021284
encaps cycles:
1034054
decaps cycles:
1087352
OK KEYS

+
keypair cycles:
1020302
encaps cycles:
1033025
decaps cycles:
1086362
OK KEYS

+
keypair cycles:
1020336
encaps cycles:
1033051
decaps cycles:
1086388
OK KEYS

+
keypair cycles:
1020536
encaps cycles:
1033277
decaps cycles:
1086614
OK KEYS

+
keypair cycles:
1020893
encaps cycles:
1033605
decaps cycles:
1086942
OK KEYS

+
keypair cycles:
1042404
encaps cycles:
1055090
decaps cycles:
1108427
OK KEYS

+
keypair cycles:
1020876
encaps cycles:
1033550
decaps cycles:
1086887
OK KEYS

+
keypair cycles:
1021134
encaps cycles:
1033823
decaps cycles:
1087160
OK KEYS

+
keypair cycles:
1020758
encaps cycles:
1033490
decaps cycles:
1086827
OK KEYS

+
keypair cycles:
1020854
encaps cycles:
1033590
decaps cycles:
1086966
OK KEYS

+
keypair cycles:
1020888
encaps cycles:
1033631
decaps cycles:
1086968
OK KEYS

+
keypair cycles:
1020950
encaps cycles:
1033670
decaps cycles:
1087007
OK KEYS

+
keypair cycles:
1020854
encaps cycles:
1033549
decaps cycles:
1086886
OK KEYS

+
keypair cycles:
1020891
encaps cycles:
1033642
decaps cycles:
1086979
OK KEYS

+
keypair cycles:
1020637
encaps cycles:
1033406
decaps cycles:
1086703
OK KEYS

+
keypair cycles:
1020957
encaps cycles:
1033685
decaps cycles:
1087022
OK KEYS

+
keypair cycles:
1020819
encaps cycles:
1033545
decaps cycles:
1086882
OK KEYS

+
keypair cycles:
1020234
encaps cycles:
1032961
decaps cycles:
1086298
OK KEYS

+
keypair cycles:
1020723
encaps cycles:
1033418
decaps cycles:
1086755
OK KEYS

+
keypair cycles:
1020583
encaps cycles:
1033271
decaps cycles:
1086608
OK KEYS

+
keypair cycles:
1020521
encaps cycles:
1033220
decaps cycles:
1086557
OK KEYS

+
keypair cycles:
1020556
encaps cycles:
1033249
decaps cycles:
1086586
OK KEYS

+
keypair cycles:
1020773
encaps cycles:
1033496
decaps cycles:
1086833
OK KEYS

+
keypair cycles:
1032164
encaps cycles:
1044939
decaps cycles:
1098237
OK KEYS

+
keypair cycles:
1020587
encaps cycles:
1033295
decaps cycles:
1086632
OK KEYS

+
keypair cycles:
1031936
encaps cycles:
1044657
decaps cycles:
1097994
OK KEYS

+
keypair cycles:
1020373
encaps cycles:
1033131
decaps cycles:
1086468
OK KEYS

+
keypair cycles:
1032464
encaps cycles:
1045189
decaps cycles:
1098526
OK KEYS

+
keypair cycles:
1020931
encaps cycles:
1033627
decaps cycles:
1086964
OK KEYS

+
keypair cycles:
1021535
encaps cycles:
1034266
decaps cycles:
1087603
OK KEYS

+
keypair cycles:
1020114
encaps cycles:
1032835
decaps cycles:
1086172
OK KEYS

+
keypair cycles:
1020840
encaps cycles:
1033557
decaps cycles:
1086894
OK KEYS

+
keypair cycles:
1020963
encaps cycles:
1033736
decaps cycles:
1087111
OK KEYS

+
keypair cycles:
1020486
encaps cycles:
1033200
decaps cycles:
1086537
OK KEYS

+
keypair cycles:
1020464
encaps cycles:
1033228
decaps cycles:
1086565
OK KEYS

+
keypair cycles:
1021111
encaps cycles:
1033867
decaps cycles:
1087204
OK KEYS

+
keypair cycles:
1020752
encaps cycles:
1033485
decaps cycles:
1086822
OK KEYS

+
keypair cycles:
1020271
encaps cycles:
1033038
decaps cycles:
1086337
OK KEYS

+
keypair cycles:
1031682
encaps cycles:
1044435
decaps cycles:
1097772
OK KEYS

+
keypair cycles:
1020194
encaps cycles:
1032926
decaps cycles:
1086263
OK KEYS

+
keypair cycles:
1020570
encaps cycles:
1033285
decaps cycles:
1086622
OK KEYS

+
keypair cycles:
1020894
encaps cycles:
1033616
decaps cycles:
1086953
OK KEYS

+
keypair cycles:
1020395
encaps cycles:
1033084
decaps cycles:
1086421
OK KEYS

+
keypair cycles:
1020322
encaps cycles:
1033055
decaps cycles:
1086392
OK KEYS

+
keypair cycles:
1021122
encaps cycles:
1033870
decaps cycles:
1087207
OK KEYS

+
keypair cycles:
1021454
encaps cycles:
1034190
decaps cycles:
1087527
OK KEYS

+
keypair cycles:
1020718
encaps cycles:
1033468
decaps cycles:
1086842
OK KEYS

+
keypair cycles:
1020102
encaps cycles:
1032829
decaps cycles:
1086166
OK KEYS

+
keypair cycles:
1020812
encaps cycles:
1033532
decaps cycles:
1086869
OK KEYS

+
keypair cycles:
1020584
encaps cycles:
1033279
decaps cycles:
1086616
OK KEYS

+
keypair cycles:
1020871
encaps cycles:
1033616
decaps cycles:
1086953
OK KEYS

+
keypair cycles:
1020714
encaps cycles:
1033515
decaps cycles:
1086813
OK KEYS

+
keypair cycles:
1020131
encaps cycles:
1032865
decaps cycles:
1086202
OK KEYS

+
keypair cycles:
1031712
encaps cycles:
1044457
decaps cycles:
1097794
OK KEYS

+
keypair cycles:
1021126
encaps cycles:
1033844
decaps cycles:
1087181
OK KEYS

+
keypair cycles:
1031817
encaps cycles:
1044551
decaps cycles:
1097888
OK KEYS

+
keypair cycles:
1020820
encaps cycles:
1033495
decaps cycles:
1086832
OK KEYS

+
keypair cycles:
1021439
encaps cycles:
1034168
decaps cycles:
1087505
OK KEYS

+
keypair cycles:
1021056
encaps cycles:
1033810
decaps cycles:
1087147
OK KEYS

+
keypair cycles:
1021140
encaps cycles:
1033880
decaps cycles:
1087217
OK KEYS

+
keypair cycles:
1021127
encaps cycles:
1033857
decaps cycles:
1087232
OK KEYS

+
keypair cycles:
1020465
encaps cycles:
1033180
decaps cycles:
1086517
OK KEYS

+
keypair cycles:
1020497
encaps cycles:
1033242
decaps cycles:
1086579
OK KEYS

+
keypair cycles:
1020970
encaps cycles:
1033666
decaps cycles:
1087003
OK KEYS

+
keypair cycles:
1020809
encaps cycles:
1033571
decaps cycles:
1086908
OK KEYS

+
keypair cycles:
1020867
encaps cycles:
1033622
decaps cycles:
1086919
OK KEYS

+
keypair cycles:
1020421
encaps cycles:
1033113
decaps cycles:
1086450
OK KEYS

+
keypair cycles:
1020762
encaps cycles:
1033493
decaps cycles:
1086830
OK KEYS

+
keypair cycles:
1031614
encaps cycles:
1044328
decaps cycles:
1097665
OK KEYS

+
keypair cycles:
1021450
encaps cycles:
1034185
decaps cycles:
1087522
OK KEYS

+
keypair cycles:
1020653
encaps cycles:
1033369
decaps cycles:
1086706
OK KEYS

+
keypair cycles:
1021641
encaps cycles:
1034341
decaps cycles:
1087678
OK KEYS

+
keypair cycles:
1020507
encaps cycles:
1033230
decaps cycles:
1086567
OK KEYS

+
keypair cycles:
1020837
encaps cycles:
1033585
decaps cycles:
1086922
OK KEYS

+
keypair cycles:
1031905
encaps cycles:
1044631
decaps cycles:
1097968
OK KEYS

+
keypair cycles:
1032115
encaps cycles:
1044798
decaps cycles:
1098135
OK KEYS

+
keypair cycles:
1020665
encaps cycles:
1033375
decaps cycles:
1086712
OK KEYS

+
keypair cycles:
1021273
encaps cycles:
1034017
decaps cycles:
1087354
OK KEYS

+
keypair cycles:
1020666
encaps cycles:
1033369
decaps cycles:
1086706
OK KEYS

+
keypair cycles:
1032230
encaps cycles:
1044919
decaps cycles:
1098256
OK KEYS

+
keypair cycles:
1021199
encaps cycles:
1033961
decaps cycles:
1087298
OK KEYS

+
keypair cycles:
1020849
encaps cycles:
1033541
decaps cycles:
1086878
OK KEYS

+
keypair cycles:
1020623
encaps cycles:
1033318
decaps cycles:
1086655
OK KEYS

+
keypair cycles:
1020560
encaps cycles:
1033306
decaps cycles:
1086682
OK KEYS

+
keypair cycles:
1020841
encaps cycles:
1033586
decaps cycles:
1086923
OK KEYS

+
keypair cycles:
1020506
encaps cycles:
1033224
decaps cycles:
1086561
OK KEYS

+
keypair cycles:
1043694
encaps cycles:
1056348
decaps cycles:
1109685
OK KEYS

+
keypair cycles:
1020604
encaps cycles:
1033318
decaps cycles:
1086655
OK KEYS

+
keypair cycles:
1021591
encaps cycles:
1034364
decaps cycles:
1087663
OK KEYS

+
keypair cycles:
1020449
encaps cycles:
1033177
decaps cycles:
1086514
OK KEYS

+
keypair cycles:
1020679
encaps cycles:
1033397
decaps cycles:
1086734
OK KEYS

+
keypair cycles:
1020113
encaps cycles:
1032831
decaps cycles:
1086168
OK KEYS

+
keypair cycles:
1020675
encaps cycles:
1033359
decaps cycles:
1086696
OK KEYS

+
keypair cycles:
1020097
encaps cycles:
1032796
decaps cycles:
1086133
OK KEYS

+
keypair cycles:
1020624
encaps cycles:
1033347
decaps cycles:
1086684
OK KEYS

+
keypair cycles:
1021017
encaps cycles:
1033749
decaps cycles:
1087086
OK KEYS

+
keypair cycles:
1020924
encaps cycles:
1033654
decaps cycles:
1086991
OK KEYS

+
keypair cycles:
1020499
encaps cycles:
1033182
decaps cycles:
1086557
OK KEYS

+
keypair cycles:
1020348
encaps cycles:
1033086
decaps cycles:
1086423
OK KEYS

+
keypair cycles:
1020325
encaps cycles:
1033018
decaps cycles:
1086355
OK KEYS

+
keypair cycles:
1021069
encaps cycles:
1033789
decaps cycles:
1087126
OK KEYS

+
keypair cycles:
1020055
encaps cycles:
1032803
decaps cycles:
1086140
OK KEYS

+
keypair cycles:
1031740
encaps cycles:
1044516
decaps cycles:
1097813
OK KEYS

+
keypair cycles:
1032172
encaps cycles:
1044929
decaps cycles:
1098266
OK KEYS

+
keypair cycles:
1020462
encaps cycles:
1033144
decaps cycles:
1086481
OK KEYS

+
keypair cycles:
1032194
encaps cycles:
1044873
decaps cycles:
1098210
OK KEYS

+
keypair cycles:
1020976
encaps cycles:
1033688
decaps cycles:
1087025
OK KEYS

+
keypair cycles:
1020412
encaps cycles:
1033080
decaps cycles:
1086417
OK KEYS

+
keypair cycles:
1020197
encaps cycles:
1032930
decaps cycles:
1086267
OK KEYS

+
keypair cycles:
1020534
encaps cycles:
1033260
decaps cycles:
1086597
OK KEYS

+
keypair cycles:
1020456
encaps cycles:
1033154
decaps cycles:
1086491
OK KEYS

+
keypair cycles:
1020574
encaps cycles:
1033301
decaps cycles:
1086676
OK KEYS

+
keypair cycles:
1020662
encaps cycles:
1033392
decaps cycles:
1086729
OK KEYS

+
keypair cycles:
1020461
encaps cycles:
1033183
decaps cycles:
1086520
OK KEYS

+
keypair cycles:
1020615
encaps cycles:
1033358
decaps cycles:
1086695
OK KEYS

+
keypair cycles:
1021311
encaps cycles:
1034050
decaps cycles:
1087387
OK KEYS

+
keypair cycles:
1020679
encaps cycles:
1033430
decaps cycles:
1086729
OK KEYS

+
keypair cycles:
1020436
encaps cycles:
1033199
decaps cycles:
1086536
OK KEYS

+
keypair cycles:
1020467
encaps cycles:
1033196
decaps cycles:
1086533
OK KEYS

+
keypair cycles:
1032415
encaps cycles:
1045132
decaps cycles:
1098469
OK KEYS

+
keypair cycles:
1020839
encaps cycles:
1033578
decaps cycles:
1086915
OK KEYS

+
keypair cycles:
1020522
encaps cycles:
1033242
decaps cycles:
1086579
OK KEYS

+
keypair cycles:
1020979
encaps cycles:
1033691
decaps cycles:
1087028
OK KEYS

+
keypair cycles:
1020727
encaps cycles:
1033422
decaps cycles:
1086759
OK KEYS

+
keypair cycles:
1031376
encaps cycles:
1044082
decaps cycles:
1097419
OK KEYS

+
keypair cycles:
1020633
encaps cycles:
1033334
decaps cycles:
1086671
OK KEYS

+
keypair cycles:
1020139
encaps cycles:
1032831
decaps cycles:
1086168
OK KEYS

+
keypair cycles:
1031300
encaps cycles:
1044047
decaps cycles:
1097384
OK KEYS

+
keypair cycles:
1032245
encaps cycles:
1044981
decaps cycles:
1098318
OK KEYS

+
keypair cycles:
1031713
encaps cycles:
1044391
decaps cycles:
1097728
OK KEYS

+
keypair cycles:
1020633
encaps cycles:
1033318
decaps cycles:
1086655
OK KEYS

+
keypair cycles:
1020113
encaps cycles:
1032841
decaps cycles:
1086178
OK KEYS

+
keypair cycles:
1020355
encaps cycles:
1033091
decaps cycles:
1086428
OK KEYS

+
keypair cycles:
1031608
encaps cycles:
1044350
decaps cycles:
1097687
OK KEYS

+
keypair cycles:
1020585
encaps cycles:
1033283
decaps cycles:
1086660
OK KEYS

+
keypair cycles:
1020509
encaps cycles:
1033246
decaps cycles:
1086583
OK KEYS

+
keypair cycles:
1020577
encaps cycles:
1033352
decaps cycles:
1086689
OK KEYS

+
keypair cycles:
1019848
encaps cycles:
1032567
decaps cycles:
1085904
OK KEYS

+
keypair cycles:
1020773
encaps cycles:
1033486
decaps cycles:
1086823
OK KEYS

+
keypair cycles:
1020888
encaps cycles:
1033653
decaps cycles:
1086954
OK KEYS

+
keypair cycles:
1020456
encaps cycles:
1033119
decaps cycles:
1086456
OK KEYS

+
keypair cycles:
1021494
encaps cycles:
1034211
decaps cycles:
1087548
OK KEYS

+
keypair cycles:
1020099
encaps cycles:
1032831
decaps cycles:
1086168
OK KEYS

+
keypair cycles:
1032269
encaps cycles:
1045042
decaps cycles:
1098379
OK KEYS

+
keypair cycles:
1021010
encaps cycles:
1033683
decaps cycles:
1087020
OK KEYS

+
keypair cycles:
1021130
encaps cycles:
1033853
decaps cycles:
1087190
OK KEYS

+
keypair cycles:
1020485
encaps cycles:
1033192
decaps cycles:
1086529
OK KEYS

+
keypair cycles:
1021360
encaps cycles:
1034106
decaps cycles:
1087443
OK KEYS

+
keypair cycles:
1021197
encaps cycles:
1033932
decaps cycles:
1087308
OK KEYS

+
keypair cycles:
1020054
encaps cycles:
1032810
decaps cycles:
1086147
OK KEYS

+
keypair cycles:
1020758
encaps cycles:
1033491
decaps cycles:
1086828
OK KEYS

+
keypair cycles:
1020918
encaps cycles:
1033641
decaps cycles:
1086978
OK KEYS

+
keypair cycles:
1020560
encaps cycles:
1033275
decaps cycles:
1086612
OK KEYS

+
keypair cycles:
1020652
encaps cycles:
1033377
decaps cycles:
1086676
OK KEYS

+
keypair cycles:
1020259
encaps cycles:
1032953
decaps cycles:
1086290
OK KEYS

+
keypair cycles:
1020274
encaps cycles:
1033001
decaps cycles:
1086338
OK KEYS

+
keypair cycles:
1020161
encaps cycles:
1032878
decaps cycles:
1086215
OK KEYS

+
keypair cycles:
1020694
encaps cycles:
1033404
decaps cycles:
1086741
OK KEYS

+
keypair cycles:
1021158
encaps cycles:
1033845
decaps cycles:
1087182
OK KEYS

+
keypair cycles:
1020004
encaps cycles:
1032716
decaps cycles:
1086053
OK KEYS

+
keypair cycles:
1021005
encaps cycles:
1033709
decaps cycles:
1087046
OK KEYS

+
keypair cycles:
1031555
encaps cycles:
1044274
decaps cycles:
1097611
OK KEYS

+
keypair cycles:
1020931
encaps cycles:
1033689
decaps cycles:
1087066
OK KEYS

+
keypair cycles:
1020207
encaps cycles:
1032925
decaps cycles:
1086262
OK KEYS

+
keypair cycles:
1021061
encaps cycles:
1033780
decaps cycles:
1087117
OK KEYS

+
keypair cycles:
1032201
encaps cycles:
1044913
decaps cycles:
1098250
OK KEYS

+
keypair cycles:
1020441
encaps cycles:
1033144
decaps cycles:
1086481
OK KEYS

+
keypair cycles:
1020401
encaps cycles:
1033152
decaps cycles:
1086451
OK KEYS

+
keypair cycles:
1020051
encaps cycles:
1032760
decaps cycles:
1086097
OK KEYS

+
keypair cycles:
1020790
encaps cycles:
1033544
decaps cycles:
1086881
OK KEYS

+
keypair cycles:
1020585
encaps cycles:
1033314
decaps cycles:
1086651
OK KEYS

+
keypair cycles:
1020079
encaps cycles:
1032796
decaps cycles:
1086133
OK KEYS

+
keypair cycles:
1020573
encaps cycles:
1033269
decaps cycles:
1086606
OK KEYS

+
keypair cycles:
1020365
encaps cycles:
1033101
decaps cycles:
1086438
OK KEYS

+
keypair cycles:
1020631
encaps cycles:
1033333
decaps cycles:
1086670
OK KEYS

+
keypair cycles:
1021193
encaps cycles:
1033914
decaps cycles:
1087251
OK KEYS

+
keypair cycles:
1020784
encaps cycles:
1033525
decaps cycles:
1086862
OK KEYS

+
keypair cycles:
1020652
encaps cycles:
1033352
decaps cycles:
1086689
OK KEYS

+
keypair cycles:
1021147
encaps cycles:
1033870
decaps cycles:
1087207
OK KEYS

+
keypair cycles:
1020143
encaps cycles:
1032860
decaps cycles:
1086197
OK KEYS

+
keypair cycles:
1019805
encaps cycles:
1032539
decaps cycles:
1085876
OK KEYS

+
keypair cycles:
1020931
encaps cycles:
1033618
decaps cycles:
1086955
OK KEYS

+
keypair cycles:
1021419
encaps cycles:
1034139
decaps cycles:
1087476
OK KEYS

+
keypair cycles:
1031585
encaps cycles:
1044304
decaps cycles:
1097641
OK KEYS

+
keypair cycles:
1021028
encaps cycles:
1033754
decaps cycles:
1087091
OK KEYS

+
keypair cycles:
1031777
encaps cycles:
1044529
decaps cycles:
1097904
OK KEYS

+
keypair cycles:
1020111
encaps cycles:
1032848
decaps cycles:
1086185
OK KEYS

+
keypair cycles:
1020457
encaps cycles:
1033167
decaps cycles:
1086504
OK KEYS

+
keypair cycles:
1020237
encaps cycles:
1032971
decaps cycles:
1086308
OK KEYS

+
keypair cycles:
1020682
encaps cycles:
1033386
decaps cycles:
1086723
OK KEYS

+
keypair cycles:
1020508
encaps cycles:
1033276
decaps cycles:
1086576
OK KEYS

+
keypair cycles:
1021524
encaps cycles:
1034264
decaps cycles:
1087601
OK KEYS

+
keypair cycles:
1020376
encaps cycles:
1033094
decaps cycles:
1086431
OK KEYS

+
keypair cycles:
1020600
encaps cycles:
1033298
decaps cycles:
1086635
OK KEYS

+
keypair cycles:
1020719
encaps cycles:
1033401
decaps cycles:
1086738
OK KEYS

+
keypair cycles:
1021041
encaps cycles:
1033734
decaps cycles:
1087071
OK KEYS

+
keypair cycles:
1020672
encaps cycles:
1033376
decaps cycles:
1086713
OK KEYS

+
keypair cycles:
1020988
encaps cycles:
1033731
decaps cycles:
1087068
OK KEYS

+
keypair cycles:
1020300
encaps cycles:
1033009
decaps cycles:
1086346
OK KEYS

+
keypair cycles:
1021071
encaps cycles:
1033801
decaps cycles:
1087177
OK KEYS

+
keypair cycles:
1020586
encaps cycles:
1033312
decaps cycles:
1086649
OK KEYS

+
keypair cycles:
1020474
encaps cycles:
1033195
decaps cycles:
1086532
OK KEYS

+
keypair cycles:
1031819
encaps cycles:
1044555
decaps cycles:
1097892
OK KEYS

+
keypair cycles:
1031941
encaps cycles:
1044663
decaps cycles:
1098000
OK KEYS

+
keypair cycles:
1020439
encaps cycles:
1033218
decaps cycles:
1086516
OK KEYS

+
keypair cycles:
1031773
encaps cycles:
1044471
decaps cycles:
1097808
OK KEYS

+
keypair cycles:
1020540
encaps cycles:
1033302
decaps cycles:
1086639
OK KEYS

+
keypair cycles:
1031572
encaps cycles:
1044299
decaps cycles:
1097636
OK KEYS

+
keypair cycles:
1021022
encaps cycles:
1033741
decaps cycles:
1087078
OK KEYS

+
keypair cycles:
1021020
encaps cycles:
1033692
decaps cycles:
1087029
OK KEYS

+
keypair cycles:
1020782
encaps cycles:
1033488
decaps cycles:
1086825
OK KEYS

+
keypair cycles:
1020737
encaps cycles:
1033456
decaps cycles:
1086793
OK KEYS

+
keypair cycles:
1020547
encaps cycles:
1033277
decaps cycles:
1086614
OK KEYS

+
keypair cycles:
1020819
encaps cycles:
1033548
decaps cycles:
1086924
OK KEYS

+
keypair cycles:
1020434
encaps cycles:
1033151
decaps cycles:
1086488
OK KEYS

+
keypair cycles:
1020464
encaps cycles:
1033232
decaps cycles:
1086569
OK KEYS

+
keypair cycles:
1021047
encaps cycles:
1033771
decaps cycles:
1087108
OK KEYS

+
keypair cycles:
1019812
encaps cycles:
1032514
decaps cycles:
1085851
OK KEYS

+
keypair cycles:
1020639
encaps cycles:
1033417
decaps cycles:
1086715
OK KEYS

+
keypair cycles:
1020745
encaps cycles:
1033455
decaps cycles:
1086792
OK KEYS

+
keypair cycles:
1020940
encaps cycles:
1033657
decaps cycles:
1086994
OK KEYS

+
keypair cycles:
1021264
encaps cycles:
1033949
decaps cycles:
1087286
OK KEYS

+
keypair cycles:
1020683
encaps cycles:
1033400
decaps cycles:
1086737
OK KEYS

+
keypair cycles:
1021390
encaps cycles:
1034054
decaps cycles:
1087391
OK KEYS

+
keypair cycles:
1020660
encaps cycles:
1033390
decaps cycles:
1086727
OK KEYS

+
keypair cycles:
1019987
encaps cycles:
1032681
decaps cycles:
1086018
OK KEYS

+
keypair cycles:
1020651
encaps cycles:
1033355
decaps cycles:
1086692
OK KEYS

+
keypair cycles:
1021421
encaps cycles:
1034159
decaps cycles:
1087534
OK KEYS

+
keypair cycles:
1020116
encaps cycles:
1032806
decaps cycles:
1086143
OK KEYS

+
keypair cycles:
1020960
encaps cycles:
1033704
decaps cycles:
1087041
OK KEYS

+
keypair cycles:
1020551
encaps cycles:
1033248
decaps cycles:
1086585
OK KEYS

+
keypair cycles:
1021513
encaps cycles:
1034219
decaps cycles:
1087556
OK KEYS

+
keypair cycles:
1020613
encaps cycles:
1033343
decaps cycles:
1086680
OK KEYS

+
keypair cycles:
1019888
encaps cycles:
1032601
decaps cycles:
1085938
OK KEYS

+
keypair cycles:
1019589
encaps cycles:
1032309
decaps cycles:
1085646
OK KEYS

+
keypair cycles:
1021048
encaps cycles:
1033748
decaps cycles:
1087085
OK KEYS

+
keypair cycles:
1021373
encaps cycles:
1034088
decaps cycles:
1087425
OK KEYS

+
keypair cycles:
1020153
encaps cycles:
1032897
decaps cycles:
1086234
OK KEYS

+
keypair cycles:
1020028
encaps cycles:
1032724
decaps cycles:
1086061
OK KEYS

+
keypair cycles:
1020519
encaps cycles:
1033232
decaps cycles:
1086569
OK KEYS

+
keypair cycles:
1020875
encaps cycles:
1033572
decaps cycles:
1086909
OK KEYS

+
keypair cycles:
1020875
encaps cycles:
1033667
decaps cycles:
1086965
OK KEYS

+
keypair cycles:
1020772
encaps cycles:
1033518
decaps cycles:
1086855
OK KEYS

+
keypair cycles:
1020409
encaps cycles:
1033146
decaps cycles:
1086483
OK KEYS

+
keypair cycles:
1021410
encaps cycles:
1034110
decaps cycles:
1087447
OK KEYS

+
keypair cycles:
1020914
encaps cycles:
1033662
decaps cycles:
1086999
OK KEYS

+
keypair cycles:
1020597
encaps cycles:
1033296
decaps cycles:
1086633
OK KEYS

+
keypair cycles:
1021188
encaps cycles:
1033921
decaps cycles:
1087258
OK KEYS

+
keypair cycles:
1020735
encaps cycles:
1033454
decaps cycles:
1086791
OK KEYS

+
keypair cycles:
1020360
encaps cycles:
1033109
decaps cycles:
1086446
OK KEYS

+
keypair cycles:
1031669
encaps cycles:
1044382
decaps cycles:
1097756
OK KEYS

+
keypair cycles:
1021299
encaps cycles:
1033995
decaps cycles:
1087332
OK KEYS

+
keypair cycles:
1032614
encaps cycles:
1045365
decaps cycles:
1098702
OK KEYS

+
keypair cycles:
1020755
encaps cycles:
1033483
decaps cycles:
1086820
OK KEYS

+
keypair cycles:
1031440
encaps cycles:
1044170
decaps cycles:
1097507
OK KEYS

+
keypair cycles:
1020424
encaps cycles:
1033201
decaps cycles:
1086499
OK KEYS

+
keypair cycles:
1021096
encaps cycles:
1033823
decaps cycles:
1087160
OK KEYS

+
keypair cycles:
1042947
encaps cycles:
1055675
decaps cycles:
1109012
OK KEYS

+
keypair cycles:
1020937
encaps cycles:
1033672
decaps cycles:
1087009
OK KEYS

+
keypair cycles:
1032378
encaps cycles:
1045120
decaps cycles:
1098457
OK KEYS

+
keypair cycles:
1032369
encaps cycles:
1045047
decaps cycles:
1098384
OK KEYS

+
keypair cycles:
1019922
encaps cycles:
1032630
decaps cycles:
1085967
OK KEYS

+
keypair cycles:
1020095
encaps cycles:
1032837
decaps cycles:
1086174
OK KEYS

+
keypair cycles:
1020729
encaps cycles:
1033434
decaps cycles:
1086771
OK KEYS

+
keypair cycles:
1020508
encaps cycles:
1033221
decaps cycles:
1086596
OK KEYS

+
keypair cycles:
1020177
encaps cycles:
1032890
decaps cycles:
1086227
OK KEYS

+
keypair cycles:
1020351
encaps cycles:
1033102
decaps cycles:
1086439
OK KEYS

+
keypair cycles:
1020409
encaps cycles:
1033116
decaps cycles:
1086453
OK KEYS

+
keypair cycles:
1020861
encaps cycles:
1033567
decaps cycles:
1086904
OK KEYS

+
keypair cycles:
1020192
encaps cycles:
1032936
decaps cycles:
1086234
OK KEYS

+
keypair cycles:
1021664
encaps cycles:
1034355
decaps cycles:
1087692
OK KEYS

+
keypair cycles:
1020540
encaps cycles:
1033255
decaps cycles:
1086592
OK KEYS

+
keypair cycles:
1020164
encaps cycles:
1032916
decaps cycles:
1086253
OK KEYS

+
keypair cycles:
1020198
encaps cycles:
1032969
decaps cycles:
1086306
OK KEYS

+
keypair cycles:
1021004
encaps cycles:
1033679
decaps cycles:
1087016
OK KEYS

+
keypair cycles:
1031737
encaps cycles:
1044426
decaps cycles:
1097763
OK KEYS

+
keypair cycles:
1032743
encaps cycles:
1045509
decaps cycles:
1098846
OK KEYS

+
keypair cycles:
1021541
encaps cycles:
1034281
decaps cycles:
1087618
OK KEYS

+
keypair cycles:
1020285
encaps cycles:
1033003
decaps cycles:
1086378
OK KEYS

+
keypair cycles:
1021272
encaps cycles:
1033992
decaps cycles:
1087329
OK KEYS

+
keypair cycles:
1021591
encaps cycles:
1034307
decaps cycles:
1087644
OK KEYS

+
keypair cycles:
1020580
encaps cycles:
1033288
decaps cycles:
1086625
OK KEYS

+
keypair cycles:
1020179
encaps cycles:
1032895
decaps cycles:
1086232
OK KEYS

+
keypair cycles:
1021140
encaps cycles:
1033839
decaps cycles:
1087176
OK KEYS

+
keypair cycles:
1019752
encaps cycles:
1032468
decaps cycles:
1085805
OK KEYS

+
keypair cycles:
1020847
encaps cycles:
1033528
decaps cycles:
1086865
OK KEYS

+
keypair cycles:
1020446
encaps cycles:
1033141
decaps cycles:
1086478
OK KEYS

+
keypair cycles:
1020887
encaps cycles:
1033611
decaps cycles:
1086948
OK KEYS

+
keypair cycles:
1020651
encaps cycles:
1033388
decaps cycles:
1086725
OK KEYS

+
keypair cycles:
1020598
encaps cycles:
1033316
decaps cycles:
1086653
OK KEYS

+
keypair cycles:
1020706
encaps cycles:
1033433
decaps cycles:
1086770
OK KEYS

+
keypair cycles:
1020557
encaps cycles:
1033297
decaps cycles:
1086634
OK KEYS

+
keypair cycles:
1020131
encaps cycles:
1032883
decaps cycles:
1086182
OK KEYS

+
keypair cycles:
1020403
encaps cycles:
1033158
decaps cycles:
1086495
OK KEYS

+
keypair cycles:
1020909
encaps cycles:
1033611
decaps cycles:
1086948
OK KEYS

+
keypair cycles:
1020842
encaps cycles:
1033562
decaps cycles:
1086899
OK KEYS

+
keypair cycles:
1031818
encaps cycles:
1044548
decaps cycles:
1097885
OK KEYS

+
keypair cycles:
1032108
encaps cycles:
1044790
decaps cycles:
1098127
OK KEYS

+
keypair cycles:
1031441
encaps cycles:
1044160
decaps cycles:
1097497
OK KEYS

+
keypair cycles:
1020749
encaps cycles:
1033441
decaps cycles:
1086778
OK KEYS

+
keypair cycles:
1020777
encaps cycles:
1033521
decaps cycles:
1086858
OK KEYS

+
keypair cycles:
1021095
encaps cycles:
1033792
decaps cycles:
1087168
OK KEYS

+
keypair cycles:
1021329
encaps cycles:
1034065
decaps cycles:
1087402
OK KEYS

+
keypair cycles:
1020309
encaps cycles:
1033033
decaps cycles:
1086370
OK KEYS

+
keypair cycles:
1020612
encaps cycles:
1033327
decaps cycles:
1086664
OK KEYS

+
keypair cycles:
1020146
encaps cycles:
1032848
decaps cycles:
1086185
OK KEYS

+
keypair cycles:
1020726
encaps cycles:
1033471
decaps cycles:
1086770
OK KEYS

+
keypair cycles:
1020961
encaps cycles:
1033682
decaps cycles:
1087019
OK KEYS

+
keypair cycles:
1020558
encaps cycles:
1033279
decaps cycles:
1086616
OK KEYS

+
keypair cycles:
1021317
encaps cycles:
1034047
decaps cycles:
1087384
OK KEYS

+
keypair cycles:
1020097
encaps cycles:
1032844
decaps cycles:
1086181
OK KEYS

+
keypair cycles:
1020550
encaps cycles:
1033213
decaps cycles:
1086550
OK KEYS

+
keypair cycles:
1020900
encaps cycles:
1033610
decaps cycles:
1086947
OK KEYS

+
keypair cycles:
1021112
encaps cycles:
1033848
decaps cycles:
1087185
OK KEYS

+
keypair cycles:
1021428
encaps cycles:
1034155
decaps cycles:
1087492
OK KEYS

+
keypair cycles:
1020703
encaps cycles:
1033419
decaps cycles:
1086794
OK KEYS

+
keypair cycles:
1020966
encaps cycles:
1033665
decaps cycles:
1087002
OK KEYS

+
keypair cycles:
1020315
encaps cycles:
1033011
decaps cycles:
1086348
OK KEYS

+
keypair cycles:
1020936
encaps cycles:
1033651
decaps cycles:
1086988
OK KEYS

+
keypair cycles:
1020700
encaps cycles:
1033416
decaps cycles:
1086753
OK KEYS

+
keypair cycles:
1020272
encaps cycles:
1033008
decaps cycles:
1086305
OK KEYS

+
keypair cycles:
1021771
encaps cycles:
1034492
decaps cycles:
1087829
OK KEYS

+
keypair cycles:
1020295
encaps cycles:
1033049
decaps cycles:
1086386
OK KEYS

+
keypair cycles:
1020581
encaps cycles:
1033300
decaps cycles:
1086637
OK KEYS

+
keypair cycles:
1020561
encaps cycles:
1033249
decaps cycles:
1086586
OK KEYS

+
keypair cycles:
1020513
encaps cycles:
1033234
decaps cycles:
1086571
OK KEYS

+
keypair cycles:
1021202
encaps cycles:
1033913
decaps cycles:
1087250
OK KEYS

+
keypair cycles:
1020908
encaps cycles:
1033595
decaps cycles:
1086932
OK KEYS

+
keypair cycles:
1021129
encaps cycles:
1033821
decaps cycles:
1087158
OK KEYS

+
keypair cycles:
1020900
encaps cycles:
1033589
decaps cycles:
1086963
OK KEYS

+
keypair cycles:
1020415
encaps cycles:
1033128
decaps cycles:
1086465
OK KEYS

+
keypair cycles:
1020924
encaps cycles:
1033638
decaps cycles:
1086975
OK KEYS

+
keypair cycles:
1020613
encaps cycles:
1033332
decaps cycles:
1086669
OK KEYS

+
keypair cycles:
1020551
encaps cycles:
1033263
decaps cycles:
1086600
OK KEYS

+
keypair cycles:
1020851
encaps cycles:
1033586
decaps cycles:
1086885
OK KEYS

+
keypair cycles:
1020860
encaps cycles:
1033559
decaps cycles:
1086896
OK KEYS

+
keypair cycles:
1019698
encaps cycles:
1032414
decaps cycles:
1085751
OK KEYS

+
keypair cycles:
1020907
encaps cycles:
1033637
decaps cycles:
1086974
OK KEYS

+
keypair cycles:
1020866
encaps cycles:
1033579
decaps cycles:
1086916
OK KEYS

+
keypair cycles:
1020638
encaps cycles:
1033302
decaps cycles:
1086639
OK KEYS

+
keypair cycles:
1020459
encaps cycles:
1033198
decaps cycles:
1086535
OK KEYS

+
keypair cycles:
1020345
encaps cycles:
1033066
decaps cycles:
1086403
OK KEYS

+
keypair cycles:
1021178
encaps cycles:
1033860
decaps cycles:
1087197
OK KEYS

+
keypair cycles:
1020244
encaps cycles:
1032947
decaps cycles:
1086322
OK KEYS

+
keypair cycles:
1020601
encaps cycles:
1033331
decaps cycles:
1086668
OK KEYS

+
keypair cycles:
1021029
encaps cycles:
1033744
decaps cycles:
1087081
OK KEYS

+
keypair cycles:
1021188
encaps cycles:
1033907
decaps cycles:
1087244
OK KEYS

+
keypair cycles:
1020925
encaps cycles:
1033644
decaps cycles:
1086981
OK KEYS

+
keypair cycles:
1020994
encaps cycles:
1033701
decaps cycles:
1087038
OK KEYS

+
keypair cycles:
1021268
encaps cycles:
1033987
decaps cycles:
1087324
OK KEYS

+
keypair cycles:
1031479
encaps cycles:
1044193
decaps cycles:
1097530
OK KEYS

+
keypair cycles:
1021034
encaps cycles:
1033731
decaps cycles:
1087068
OK KEYS

+
keypair cycles:
1021334
encaps cycles:
1034057
decaps cycles:
1087434
OK KEYS

+
keypair cycles:
1020583
encaps cycles:
1033328
decaps cycles:
1086665
OK KEYS

+
keypair cycles:
1021705
encaps cycles:
1034426
decaps cycles:
1087763
OK KEYS

+
keypair cycles:
1021037
encaps cycles:
1033750
decaps cycles:
1087087
OK KEYS

+
keypair cycles:
1020184
encaps cycles:
1032906
decaps cycles:
1086243
OK KEYS

+
keypair cycles:
1021114
encaps cycles:
1033869
decaps cycles:
1087168
OK KEYS

+
keypair cycles:
1020841
encaps cycles:
1033548
decaps cycles:
1086885
OK KEYS

+
keypair cycles:
1020667
encaps cycles:
1033377
decaps cycles:
1086714
OK KEYS

+
keypair cycles:
1020517
encaps cycles:
1033268
decaps cycles:
1086605
OK KEYS

+
keypair cycles:
1020195
encaps cycles:
1032910
decaps cycles:
1086247
OK KEYS

+
keypair cycles:
1020099
encaps cycles:
1032801
decaps cycles:
1086138
OK KEYS

+
keypair cycles:
1020421
encaps cycles:
1033114
decaps cycles:
1086451
OK KEYS

+
keypair cycles:
1020868
encaps cycles:
1033601
decaps cycles:
1086938
OK KEYS

+
keypair cycles:
1021115
encaps cycles:
1033838
decaps cycles:
1087175
OK KEYS

+
keypair cycles:
1020949
encaps cycles:
1033649
decaps cycles:
1087023
OK KEYS

+
keypair cycles:
1020847
encaps cycles:
1033556
decaps cycles:
1086893
OK KEYS

+
keypair cycles:
1019898
encaps cycles:
1032621
decaps cycles:
1085958
OK KEYS

+
keypair cycles:
1021182
encaps cycles:
1033926
decaps cycles:
1087263
OK KEYS

+
keypair cycles:
1020296
encaps cycles:
1033045
decaps cycles:
1086382
OK KEYS

+
keypair cycles:
1021300
encaps cycles:
1034081
decaps cycles:
1087381
OK KEYS

+
keypair cycles:
1021273
encaps cycles:
1034018
decaps cycles:
1087355
OK KEYS

+
keypair cycles:
1020762
encaps cycles:
1033511
decaps cycles:
1086848
OK KEYS

+
keypair cycles:
1020304
encaps cycles:
1033013
decaps cycles:
1086350
OK KEYS

+
keypair cycles:
1020061
encaps cycles:
1032769
decaps cycles:
1086106
OK KEYS

+
keypair cycles:
1021073
encaps cycles:
1033773
decaps cycles:
1087110
OK KEYS

+
keypair cycles:
1020589
encaps cycles:
1033309
decaps cycles:
1086646
OK KEYS

+
keypair cycles:
1020903
encaps cycles:
1033627
decaps cycles:
1086964
OK KEYS

+
#
